Archive member included to satisfy reference by file (symbol)

/usr/bin/../lib/gcc/arm-none-eabi/7.3.1/../../../../arm-none-eabi/lib/thumb/v7-m/libm.a(lib_a-asinl.o)
                              code/src/ov.o (asinl)
/usr/bin/../lib/gcc/arm-none-eabi/7.3.1/../../../../arm-none-eabi/lib/thumb/v7-m/libm.a(lib_a-cosl.o)
                              code/src/ov.o (cosl)
/usr/bin/../lib/gcc/arm-none-eabi/7.3.1/../../../../arm-none-eabi/lib/thumb/v7-m/libm.a(lib_a-s_cos.o)
                              /usr/bin/../lib/gcc/arm-none-eabi/7.3.1/../../../../arm-none-eabi/lib/thumb/v7-m/libm.a(lib_a-cosl.o) (cos)
/usr/bin/../lib/gcc/arm-none-eabi/7.3.1/../../../../arm-none-eabi/lib/thumb/v7-m/libm.a(lib_a-sinl.o)
                              code/src/ov.o (sinl)
/usr/bin/../lib/gcc/arm-none-eabi/7.3.1/../../../../arm-none-eabi/lib/thumb/v7-m/libm.a(lib_a-sqrtl.o)
                              code/src/ov.o (sqrtl)
/usr/bin/../lib/gcc/arm-none-eabi/7.3.1/../../../../arm-none-eabi/lib/thumb/v7-m/libm.a(lib_a-w_asin.o)
                              /usr/bin/../lib/gcc/arm-none-eabi/7.3.1/../../../../arm-none-eabi/lib/thumb/v7-m/libm.a(lib_a-asinl.o) (asin)
/usr/bin/../lib/gcc/arm-none-eabi/7.3.1/../../../../arm-none-eabi/lib/thumb/v7-m/libm.a(lib_a-w_sqrt.o)
                              /usr/bin/../lib/gcc/arm-none-eabi/7.3.1/../../../../arm-none-eabi/lib/thumb/v7-m/libm.a(lib_a-sqrtl.o) (sqrt)
/usr/bin/../lib/gcc/arm-none-eabi/7.3.1/../../../../arm-none-eabi/lib/thumb/v7-m/libm.a(lib_a-e_asin.o)
                              /usr/bin/../lib/gcc/arm-none-eabi/7.3.1/../../../../arm-none-eabi/lib/thumb/v7-m/libm.a(lib_a-w_asin.o) (__ieee754_asin)
/usr/bin/../lib/gcc/arm-none-eabi/7.3.1/../../../../arm-none-eabi/lib/thumb/v7-m/libm.a(lib_a-e_rem_pio2.o)
                              /usr/bin/../lib/gcc/arm-none-eabi/7.3.1/../../../../arm-none-eabi/lib/thumb/v7-m/libm.a(lib_a-s_cos.o) (__ieee754_rem_pio2)
/usr/bin/../lib/gcc/arm-none-eabi/7.3.1/../../../../arm-none-eabi/lib/thumb/v7-m/libm.a(lib_a-e_sqrt.o)
                              /usr/bin/../lib/gcc/arm-none-eabi/7.3.1/../../../../arm-none-eabi/lib/thumb/v7-m/libm.a(lib_a-w_sqrt.o) (__ieee754_sqrt)
/usr/bin/../lib/gcc/arm-none-eabi/7.3.1/../../../../arm-none-eabi/lib/thumb/v7-m/libm.a(lib_a-k_cos.o)
                              /usr/bin/../lib/gcc/arm-none-eabi/7.3.1/../../../../arm-none-eabi/lib/thumb/v7-m/libm.a(lib_a-s_cos.o) (__kernel_cos)
/usr/bin/../lib/gcc/arm-none-eabi/7.3.1/../../../../arm-none-eabi/lib/thumb/v7-m/libm.a(lib_a-k_rem_pio2.o)
                              /usr/bin/../lib/gcc/arm-none-eabi/7.3.1/../../../../arm-none-eabi/lib/thumb/v7-m/libm.a(lib_a-e_rem_pio2.o) (__kernel_rem_pio2)
/usr/bin/../lib/gcc/arm-none-eabi/7.3.1/../../../../arm-none-eabi/lib/thumb/v7-m/libm.a(lib_a-k_sin.o)
                              /usr/bin/../lib/gcc/arm-none-eabi/7.3.1/../../../../arm-none-eabi/lib/thumb/v7-m/libm.a(lib_a-s_cos.o) (__kernel_sin)
/usr/bin/../lib/gcc/arm-none-eabi/7.3.1/../../../../arm-none-eabi/lib/thumb/v7-m/libm.a(lib_a-s_fabs.o)
                              /usr/bin/../lib/gcc/arm-none-eabi/7.3.1/../../../../arm-none-eabi/lib/thumb/v7-m/libm.a(lib_a-w_asin.o) (fabs)
/usr/bin/../lib/gcc/arm-none-eabi/7.3.1/../../../../arm-none-eabi/lib/thumb/v7-m/libm.a(lib_a-s_floor.o)
                              /usr/bin/../lib/gcc/arm-none-eabi/7.3.1/../../../../arm-none-eabi/lib/thumb/v7-m/libm.a(lib_a-k_rem_pio2.o) (floor)
/usr/bin/../lib/gcc/arm-none-eabi/7.3.1/../../../../arm-none-eabi/lib/thumb/v7-m/libm.a(lib_a-s_lib_ver.o)
                              /usr/bin/../lib/gcc/arm-none-eabi/7.3.1/../../../../arm-none-eabi/lib/thumb/v7-m/libm.a(lib_a-w_asin.o) (__fdlib_version)
/usr/bin/../lib/gcc/arm-none-eabi/7.3.1/../../../../arm-none-eabi/lib/thumb/v7-m/libm.a(lib_a-s_matherr.o)
                              /usr/bin/../lib/gcc/arm-none-eabi/7.3.1/../../../../arm-none-eabi/lib/thumb/v7-m/libm.a(lib_a-w_asin.o) (matherr)
/usr/bin/../lib/gcc/arm-none-eabi/7.3.1/../../../../arm-none-eabi/lib/thumb/v7-m/libm.a(lib_a-s_nan.o)
                              /usr/bin/../lib/gcc/arm-none-eabi/7.3.1/../../../../arm-none-eabi/lib/thumb/v7-m/libm.a(lib_a-w_asin.o) (nan)
/usr/bin/../lib/gcc/arm-none-eabi/7.3.1/../../../../arm-none-eabi/lib/thumb/v7-m/libm.a(lib_a-s_scalbn.o)
                              /usr/bin/../lib/gcc/arm-none-eabi/7.3.1/../../../../arm-none-eabi/lib/thumb/v7-m/libm.a(lib_a-k_rem_pio2.o) (scalbn)
/usr/bin/../lib/gcc/arm-none-eabi/7.3.1/../../../../arm-none-eabi/lib/thumb/v7-m/libm.a(lib_a-s_sin.o)
                              /usr/bin/../lib/gcc/arm-none-eabi/7.3.1/../../../../arm-none-eabi/lib/thumb/v7-m/libm.a(lib_a-sinl.o) (sin)
/usr/bin/../lib/gcc/arm-none-eabi/7.3.1/../../../../arm-none-eabi/lib/thumb/v7-m/libm.a(lib_a-s_copysign.o)
                              /usr/bin/../lib/gcc/arm-none-eabi/7.3.1/../../../../arm-none-eabi/lib/thumb/v7-m/libm.a(lib_a-s_scalbn.o) (copysign)
[...]
Memory Configuration

Name             Origin             Length             Attributes
rom              0x0000000000000000 0x0000000000080000 xr
ram              0x0000000020000000 0x0000000000018000 xrw
nul              0x0000000020018000 0x0000000000000000 xrw
*default*        0x0000000000000000 0xffffffffffffffff

Linker script and memory map

LOAD /usr/bin/../lib/gcc/arm-none-eabi/7.3.1/thumb/v7-m/libgcc.a
LOAD code/src/ov.o
LOAD code/src/train_ov.o
LOAD ../code/src/interface.o
LOAD ../code/src/pn532.o
LOAD ../code/src/pn532Oled.o
LOAD ../code/src/pn532Command.o
LOAD ../code/src/mifareClassic.o
LOAD hwlib.o
LOAD main.o
LOAD bmptk_cortex.o
LOAD bmptk_heap_none.o
LOAD bmptk_fixed_size_stack.o
LOAD /usr/bin/../lib/gcc/arm-none-eabi/7.3.1/../../../../arm-none-eabi/lib/thumb/v7-m/libm.a
LOAD /usr/bin/../lib/gcc/arm-none-eabi/7.3.1/thumb/v7-m/libgcc.a
LOAD /usr/bin/../lib/gcc/arm-none-eabi/7.3.1/../../../../arm-none-eabi/lib/thumb/v7-m/libc.a
                0x0000000000000000                __rom_start = ORIGIN (rom)
                0x0000000000080000                __rom_size = LENGTH (rom)
                0x0000000000080000                __rom_end = (__rom_start + __rom_size)
                0x0000000020000000                __ram_start = ORIGIN (ram)
                0x0000000000018000                __ram_size = LENGTH (ram)
                0x0000000020018000                __ram_end = (__ram_start + __ram_size)
                [!provide]                        PROVIDE (__rom_start = __rom_start)
                [!provide]                        PROVIDE (__rom_size = __rom_size)
                [!provide]                        PROVIDE (__rom_end = __rom_end)
                [!provide]                        PROVIDE (__ram_start = __ram_start)
                [!provide]                        PROVIDE (__ram_size = __ram_size)
                [!provide]                        PROVIDE (__ram_end = __ram_end)

.text           0x0000000000000000     0x7750
                0x0000000000000000                . = ALIGN (0x4)
                0x0000000000000000                __text_start = .
                [!provide]                        PROVIDE (__text_start = __text_start)
                0x0000000000000000                . = ALIGN (0x4)
 *(.vectors)
 .vectors       0x0000000000000000       0x20 bmptk_cortex.o
                0x0000000000000000                __vectors
                0x0000000000000020                . = ALIGN (0x4)
 *(.text .text.* .gnu.linkonce.t.*)
 .text._ZN6sam3xa10SystemInitEv
                0x0000000000000020       0x7c code/src/ov.o
                0x0000000000000020                sam3xa::SystemInit()
 .text._ZN3due8pin_infoENS_4pinsE
                0x000000000000009c       0x20 code/src/ov.o
                0x000000000000009c                due::pin_info(due::pins)
 .text._ZN3due14port_registersEm
                0x00000000000000bc       0x54 code/src/ov.o
                0x00000000000000bc                due::port_registers(unsigned long)
 .text._ZN3due12ticks_per_usEv
                0x0000000000000110        0x6 code/src/ov.o
                0x0000000000000110                due::ticks_per_us()
 *fill*         0x0000000000000116        0x2 
 .text._ZN3due9now_ticksEv
                0x0000000000000118       0x80 code/src/ov.o
                0x0000000000000118                due::now_ticks()
 .text._ZN5hwlib9uart_putcEc
                0x0000000000000198        0x4 code/src/ov.o
                0x0000000000000198                hwlib::uart_putc(char)
 .text._ZN4cardC2Ev
                0x000000000000019c       0x1a code/src/ov.o
                0x000000000000019c                card::card()
                0x000000000000019c                card::card()
 *fill*         0x00000000000001b6        0x2 
 .text._ZN9ovTrackerC2ERN3nfc3NFCERN5hwlib13terminal_fromERNS3_6pin_inES7_S7_S7_S7_S7_S7_S7_S7_S7_S7_S7_fiiNS0_14mifareCommandsEhh
                0x00000000000001b8      0x224 code/src/ov.o
                0x00000000000001b8                ovTracker::ovTracker(nfc::NFC&, hwlib::terminal_from&, hwlib::pin_in&, hwlib::pin_in&, hwlib::pin_in&, hwlib::pin_in&, hwlib::pin_in&, hwlib::pin_in&, hwlib::pin_in&, hwlib::pin_in&, hwlib::pin_in&, hwlib::pin_in&, hwlib::pin_in&, hwlib::pin_in&, float, int, int, nfc::mifareCommands, unsigned char, unsigned char)
                0x00000000000001b8                ovTracker::ovTracker(nfc::NFC&, hwlib::terminal_from&, hwlib::pin_in&, hwlib::pin_in&, hwlib::pin_in&, hwlib::pin_in&, hwlib::pin_in&, hwlib::pin_in&, hwlib::pin_in&, hwlib::pin_in&, hwlib::pin_in&, hwlib::pin_in&, hwlib::pin_in&, hwlib::pin_in&, float, int, int, nfc::mifareCommands, unsigned char, unsigned char)
 *fill*         0x00000000000003dc        0x4 
 .text._ZN9ovTracker8distanceEeeee
                0x00000000000003e0      0x10c code/src/ov.o
                0x00000000000003e0                ovTracker::distance(long double, long double, long double, long double)
 .text._ZN5train4initEv
                0x00000000000004ec       0x30 code/src/train_ov.o
                0x00000000000004ec                train::init()
 .text._ZN5train15calculate_priceEi
                0x000000000000051c       0x3a code/src/train_ov.o
                0x000000000000051c                train::calculate_price(int)
 .text._ZN5train10getBalanceER4card
                0x0000000000000556       0x52 code/src/train_ov.o
                0x0000000000000556                train::getBalance(card&)
 .text._ZN5train7setModeE4Mode
                0x00000000000005a8       0x38 code/src/train_ov.o
                0x00000000000005a8                train::setMode(Mode)
 .text._ZN5hwlib7ostream7reverse10add_prefixERKS0_.part.2
                0x00000000000005e0       0x4c code/src/train_ov.o
 .text._ZN5hwliblsERNS_7ostreamENS_6_flushE.isra.3
                0x000000000000062c        0xe code/src/train_ov.o
 .text._ZN5hwlib7ostreamlsEc
                0x000000000000063a        0xe code/src/train_ov.o
                0x000000000000063a                hwlib::ostream::operator<<(char)
 .text._ZN5hwliblsERNS_7ostreamEPKc
                0x0000000000000648       0x66 code/src/train_ov.o
                0x0000000000000648                hwlib::operator<<(hwlib::ostream&, char const*)
 *fill*         0x00000000000006ae        0x2 
 .text._ZN5train7getModeEv
                0x00000000000006b0       0x84 code/src/train_ov.o
                0x00000000000006b0                train::getMode()
 .text._ZN5train12validateCardER4card
                0x0000000000000734       0x98 code/src/train_ov.o
                0x0000000000000734                train::validateCard(card&)
 .text._ZN5train16getAndSetStationEv
                0x00000000000007cc      0x10c code/src/train_ov.o
                0x00000000000007cc                train::getAndSetStation()
 .text._ZN5hwliblsERNS_7ostreamEi
                0x00000000000008d8       0x92 code/src/train_ov.o
                0x00000000000008d8                hwlib::operator<<(hwlib::ostream&, int)
 *fill*         0x000000000000096a        0x2 
 .text._ZN5train7checkInER4card
                0x000000000000096c      0x138 code/src/train_ov.o
                0x000000000000096c                train::checkIn(card&)
 .text._ZN5train8checkOutEi
                0x0000000000000aa4      0x1c4 code/src/train_ov.o
                0x0000000000000aa4                train::checkOut(int)
 .text._ZN5train5topUpEi
                0x0000000000000c68      0x198 code/src/train_ov.o
                0x0000000000000c68                train::topUp(int)
 .text._ZN5train8waitCardEv
                0x0000000000000e00       0x78 code/src/train_ov.o
                0x0000000000000e00                train::waitCard()
 .text._ZN3nfc8cardKeysC2Ev
                0x0000000000000e78      0x214 code/src/train_ov.o
                0x0000000000000e78                nfc::cardKeys::cardKeys()
                0x0000000000000e78                nfc::cardKeys::cardKeys()
 .text._ZN5trainC2ERN3nfc3NFCERN5hwlib13terminal_fromERNS3_6pin_inES7_S7_S7_S7_S7_S7_S7_S7_S7_S7_S7_fiiNS0_14mifareCommandsEhh
                0x000000000000108c       0x74 code/src/train_ov.o
                0x000000000000108c                train::train(nfc::NFC&, hwlib::terminal_from&, hwlib::pin_in&, hwlib::pin_in&, hwlib::pin_in&, hwlib::pin_in&, hwlib::pin_in&, hwlib::pin_in&, hwlib::pin_in&, hwlib::pin_in&, hwlib::pin_in&, hwlib::pin_in&, hwlib::pin_in&, hwlib::pin_in&, float, int, int, nfc::mifareCommands, unsigned char, unsigned char)
                0x000000000000108c                train::train(nfc::NFC&, hwlib::terminal_from&, hwlib::pin_in&, hwlib::pin_in&, hwlib::pin_in&, hwlib::pin_in&, hwlib::pin_in&, hwlib::pin_in&, hwlib::pin_in&, hwlib::pin_in&, hwlib::pin_in&, hwlib::pin_in&, hwlib::pin_in&, hwlib::pin_in&, float, int, int, nfc::mifareCommands, unsigned char, unsigned char)
 .text._ZN13communication8protocol14endTransactionEv
                0x0000000000001100        0x2 ../code/src/interface.o
                0x0000000000001100                communication::protocol::endTransaction()
 .text._ZN13communication3i2c11receiveDataEPhh
                0x0000000000001102       0x50 ../code/src/interface.o
                0x0000000000001102                communication::i2c::receiveData(unsigned char*, unsigned char)
 .text._ZN13communication4uart6wakeUpEv
                0x0000000000001152       0x20 ../code/src/interface.o
                0x0000000000001152                communication::uart::wakeUp()
 .text._ZN13communication4uart8sendDataEPhh
                0x0000000000001172       0x20 ../code/src/interface.o
                0x0000000000001172                communication::uart::sendData(unsigned char*, unsigned char)
 .text._ZN13communication3spi6wakeUpEv
                0x0000000000001192       0x32 ../code/src/interface.o
                0x0000000000001192                communication::spi::wakeUp()
 .text._ZN5hwlib21pin_direct_from_out_t5writeEb
                0x00000000000011c4       0x18 ../code/src/interface.o
                0x00000000000011c4                hwlib::pin_direct_from_out_t::write(bool)
 .text._ZN5hwlib21i2c_write_transactionC2ERNS_14i2c_primitivesEj
                0x00000000000011dc       0x24 ../code/src/interface.o
                0x00000000000011dc                hwlib::i2c_write_transaction::i2c_write_transaction(hwlib::i2c_primitives&, unsigned int)
                0x00000000000011dc                hwlib::i2c_write_transaction::i2c_write_transaction(hwlib::i2c_primitives&, unsigned int)
 .text._ZN5hwlib21i2c_write_transactionD2Ev
                0x0000000000001200       0x18 ../code/src/interface.o
                0x0000000000001200                hwlib::i2c_write_transaction::~i2c_write_transaction()
                0x0000000000001200                hwlib::i2c_write_transaction::~i2c_write_transaction()
 .text._ZN13communication3i2c6wakeUpEv
                0x0000000000001218       0x2e ../code/src/interface.o
                0x0000000000001218                communication::i2c::wakeUp()
 .text._ZN13communication3i2c8sendDataEPhh
                0x0000000000001246       0x28 ../code/src/interface.o
                0x0000000000001246                communication::i2c::sendData(unsigned char*, unsigned char)
 .text._ZN5hwlib7spi_bus15spi_transactionC2ERS0_RNS_7pin_outE
                0x000000000000126e       0x1e ../code/src/interface.o
                0x000000000000126e                hwlib::spi_bus::spi_transaction::spi_transaction(hwlib::spi_bus&, hwlib::pin_out&)
                0x000000000000126e                hwlib::spi_bus::spi_transaction::spi_transaction(hwlib::spi_bus&, hwlib::pin_out&)
 .text._ZN13communication3spi8sendDataEPhh
                0x000000000000128c       0x44 ../code/src/interface.o
                0x000000000000128c                communication::spi::sendData(unsigned char*, unsigned char)
 .text._ZN13communication3spi11receiveDataEPhh
                0x00000000000012d0       0x46 ../code/src/interface.o
                0x00000000000012d0                communication::spi::receiveData(unsigned char*, unsigned char)
 .text._ZN13communication3spi14endTransactionEv
                0x0000000000001316       0x1a ../code/src/interface.o
                0x0000000000001316                communication::spi::endTransaction()
 .text._ZN13communication4uart11receiveDataEPhh
                0x0000000000001330       0x8c ../code/src/interface.o
                0x0000000000001330                communication::uart::receiveData(unsigned char*, unsigned char)
 .text._ZN13communication3i2cC2EjRN5hwlib7i2c_busERNS1_6pin_inE
                0x00000000000013bc       0x14 ../code/src/interface.o
                0x00000000000013bc                communication::i2c::i2c(unsigned int, hwlib::i2c_bus&, hwlib::pin_in&)
                0x00000000000013bc                communication::i2c::i2c(unsigned int, hwlib::i2c_bus&, hwlib::pin_in&)
 .text._ZN13communication3spiC2ERN5hwlib7spi_busERNS1_7pin_outERNS1_6pin_inE
                0x00000000000013d0       0x14 ../code/src/interface.o
                0x00000000000013d0                communication::spi::spi(hwlib::spi_bus&, hwlib::pin_out&, hwlib::pin_in&)
                0x00000000000013d0                communication::spi::spi(hwlib::spi_bus&, hwlib::pin_out&, hwlib::pin_in&)
 .text._ZN13communication4uartC2ER13uart_abstract
                0x00000000000013e4       0x18 ../code/src/interface.o
                0x00000000000013e4                communication::uart::uart(uart_abstract&)
                0x00000000000013e4                communication::uart::uart(uart_abstract&)
 .text._ZN3nfc10PN532_chip10selectCardEv
                0x00000000000013fc        0x4 ../code/src/pn532.o
                0x00000000000013fc                nfc::PN532_chip::selectCard()
 .text._ZN3nfc10PN532_chip4initEv
                0x0000000000001400        0x8 ../code/src/pn532.o
                0x0000000000001400                nfc::PN532_chip::init()
 .text._ZN3nfc10PN532_chip8sendDataEPhh
                0x0000000000001408       0x28 ../code/src/pn532.o
                0x0000000000001408                nfc::PN532_chip::sendData(unsigned char*, unsigned char)
 .text._ZN3nfc10PN532_chip7getDataEPhh
                0x0000000000001430        0x8 ../code/src/pn532.o
                0x0000000000001430                nfc::PN532_chip::getData(unsigned char*, unsigned char)
 .text._ZN3nfc10PN532_chip13writeRegisterEth
                0x0000000000001438       0x48 ../code/src/pn532.o
                0x0000000000001438                nfc::PN532_chip::writeRegister(unsigned short, unsigned char)
 .text._ZN3nfc10PN532_chip9writeGPIOEh
                0x0000000000001480       0x44 ../code/src/pn532.o
                0x0000000000001480                nfc::PN532_chip::writeGPIO(unsigned char)
 .text._ZN3nfc10PN532_chip15performSelftestEv
                0x00000000000014c4       0x68 ../code/src/pn532.o
                0x00000000000014c4                nfc::PN532_chip::performSelftest()
 .text._ZN3nfc10PN532_chip16SAMConfigurationEh
                0x000000000000152c       0x3a ../code/src/pn532.o
                0x000000000000152c                nfc::PN532_chip::SAMConfiguration(unsigned char)
 .text._ZN3nfc10PN532_chip7RFFieldEb
                0x0000000000001566       0x3c ../code/src/pn532.o
                0x0000000000001566                nfc::PN532_chip::RFField(bool)
 *fill*         0x00000000000015a2        0x2 
 .text._ZN3nfc10PN532_chip13setMaxRetriesEh
                0x00000000000015a4       0x3c ../code/src/pn532.o
                0x00000000000015a4                nfc::PN532_chip::setMaxRetries(unsigned char)
 .text._ZN3nfc10PN532_chip15mifareIncrementER4cardhNS_14mifareCommandsEhhPKhm
                0x00000000000015e0       0x78 ../code/src/pn532.o
                0x00000000000015e0                nfc::PN532_chip::mifareIncrement(card&, unsigned char, nfc::mifareCommands, unsigned char, unsigned char, unsigned char const*, unsigned long)
 .text._ZN3nfc10PN532_chip14mifareTransferER4cardhNS_14mifareCommandsEhhPKh
                0x0000000000001658       0x58 ../code/src/pn532.o
                0x0000000000001658                nfc::PN532_chip::mifareTransfer(card&, unsigned char, nfc::mifareCommands, unsigned char, unsigned char, unsigned char const*)
 .text._ZN3nfc10PN532_chip15mifareDecrementER4cardhNS_14mifareCommandsEhhPKhm
                0x00000000000016b0       0x78 ../code/src/pn532.o
                0x00000000000016b0                nfc::PN532_chip::mifareDecrement(card&, unsigned char, nfc::mifareCommands, unsigned char, unsigned char, unsigned char const*, unsigned long)
 .text._ZN3nfc10PN532_chip12readRegisterEt
                0x0000000000001728       0x70 ../code/src/pn532.o
                0x0000000000001728                nfc::PN532_chip::readRegister(unsigned short)
 .text._ZN3nfc10PN532_chip8readGPIOEv
                0x0000000000001798       0x6a ../code/src/pn532.o
                0x0000000000001798                nfc::PN532_chip::readGPIO()
 .text._ZN3nfc10PN532_chip16getGeneralStatusEv
                0x0000000000001802       0x54 ../code/src/pn532.o
                0x0000000000001802                nfc::PN532_chip::getGeneralStatus()
 .text._ZN3nfc10PN532_chip18getFirmwareVersionEv
                0x0000000000001856       0x52 ../code/src/pn532.o
                0x0000000000001856                nfc::PN532_chip::getFirmwareVersion()
 .text._ZN3nfc10PN532_chip11waitForChipEi
                0x00000000000018a8       0x28 ../code/src/pn532.o
                0x00000000000018a8                nfc::PN532_chip::waitForChip(int)
 .text._ZN3nfc10PN532_chip8checkAckEPKhh
                0x00000000000018d0       0x44 ../code/src/pn532.o
                0x00000000000018d0                nfc::PN532_chip::checkAck(unsigned char const*, unsigned char)
 .text._ZN3nfc10PN532_chip22sendCommandAndCheckAckER16setupSendCommand
                0x0000000000001914       0xa4 ../code/src/pn532.o
                0x0000000000001914                nfc::PN532_chip::sendCommandAndCheckAck(setupSendCommand&)
 .text._ZN3nfc10PN532_chip17setSerialBaudrateENS_8baudRateE
                0x00000000000019b8       0x54 ../code/src/pn532.o
                0x00000000000019b8                nfc::PN532_chip::setSerialBaudrate(nfc::baudRate)
 .text._ZN3nfc10PN532_chip14mifareReadCardER4cardhNS_14mifareCommandsERKNS_8cardKeysE
                0x0000000000001a0c       0xbc ../code/src/pn532.o
                0x0000000000001a0c                nfc::PN532_chip::mifareReadCard(card&, unsigned char, nfc::mifareCommands, nfc::cardKeys const&)
 .text._ZN3nfc10PN532_chip10detectCardER4cardhh
                0x0000000000001ac8       0x98 ../code/src/pn532.o
                0x0000000000001ac8                nfc::PN532_chip::detectCard(card&, unsigned char, unsigned char)
 .text._ZN3nfc10PN532_chip14mifareReadPageER4cardhh
                0x0000000000001b60       0x7c ../code/src/pn532.o
                0x0000000000001b60                nfc::PN532_chip::mifareReadPage(card&, unsigned char, unsigned char)
 .text._ZN3nfc10PN532_chip15mifareWritePageER4cardhhPKc
                0x0000000000001bdc       0xec ../code/src/pn532.o
                0x0000000000001bdc                nfc::PN532_chip::mifareWritePage(card&, unsigned char, unsigned char, char const*)
 .text._ZN3nfc10PN532_chip20mifareMakeValueBlockER4cardhNS_14mifareCommandsEhhPKh
                0x0000000000001cc8       0x8c ../code/src/pn532.o
                0x0000000000001cc8                nfc::PN532_chip::mifareMakeValueBlock(card&, unsigned char, nfc::mifareCommands, unsigned char, unsigned char, unsigned char const*)
 .text._ZN3nfc10PN532_chip18mifareAuthenticateER4cardhNS_14mifareCommandsEhPKh
                0x0000000000001d54       0xc4 ../code/src/pn532.o
                0x0000000000001d54                nfc::PN532_chip::mifareAuthenticate(card&, unsigned char, nfc::mifareCommands, unsigned char, unsigned char const*)
 .text._ZN3nfc10PN532_chipC2ERN13communication8protocolERN5hwlib6pin_inE
                0x0000000000001e18       0x24 ../code/src/pn532.o
                0x0000000000001e18                nfc::PN532_chip::PN532_chip(communication::protocol&, hwlib::pin_in&)
                0x0000000000001e18                nfc::PN532_chip::PN532_chip(communication::protocol&, hwlib::pin_in&)
 .text._ZN3nfc7NfcOled8sendDataEPhh
                0x0000000000001e3c        0x8 ../code/src/pn532Oled.o
                0x0000000000001e3c                nfc::NfcOled::sendData(unsigned char*, unsigned char)
 .text._ZN3nfc7NfcOled7getDataEPhh
                0x0000000000001e44        0x8 ../code/src/pn532Oled.o
                0x0000000000001e44                nfc::NfcOled::getData(unsigned char*, unsigned char)
 .text._ZN3nfc7NfcOled13writeRegisterEth
                0x0000000000001e4c        0x8 ../code/src/pn532Oled.o
                0x0000000000001e4c                nfc::NfcOled::writeRegister(unsigned short, unsigned char)
 .text._ZN3nfc7NfcOled12readRegisterEt
                0x0000000000001e54        0xc ../code/src/pn532Oled.o
                0x0000000000001e54                nfc::NfcOled::readRegister(unsigned short)
 .text._ZN3nfc7NfcOled9writeGPIOEh
                0x0000000000001e60        0x8 ../code/src/pn532Oled.o
                0x0000000000001e60                nfc::NfcOled::writeGPIO(unsigned char)
 .text._ZN3nfc7NfcOled8readGPIOEv
                0x0000000000001e68        0xc ../code/src/pn532Oled.o
                0x0000000000001e68                nfc::NfcOled::readGPIO()
 .text._ZN3nfc7NfcOled11waitForChipEi
                0x0000000000001e74        0x8 ../code/src/pn532Oled.o
                0x0000000000001e74                nfc::NfcOled::waitForChip(int)
 .text._ZN3nfc7NfcOled8checkAckEPKhh
                0x0000000000001e7c        0x8 ../code/src/pn532Oled.o
                0x0000000000001e7c                nfc::NfcOled::checkAck(unsigned char const*, unsigned char)
 .text._ZN3nfc7NfcOled22sendCommandAndCheckAckER16setupSendCommand
                0x0000000000001e84       0x10 ../code/src/pn532Oled.o
                0x0000000000001e84                nfc::NfcOled::sendCommandAndCheckAck(setupSendCommand&)
 .text._ZN3nfc7NfcOled10selectCardEv
                0x0000000000001e94        0x4 ../code/src/pn532Oled.o
                0x0000000000001e94                nfc::NfcOled::selectCard()
 .text._ZN3nfc7NfcOled17setSerialBaudrateENS_8baudRateE
                0x0000000000001e98        0x8 ../code/src/pn532Oled.o
                0x0000000000001e98                nfc::NfcOled::setSerialBaudrate(nfc::baudRate)
 .text._ZN3nfc7NfcOled14mifareReadPageER4cardhh
                0x0000000000001ea0        0xe ../code/src/pn532Oled.o
                0x0000000000001ea0                nfc::NfcOled::mifareReadPage(card&, unsigned char, unsigned char)
 .text._ZN3nfc7NfcOled15mifareWritePageER4cardhhPKc
                0x0000000000001eae        0xe ../code/src/pn532Oled.o
                0x0000000000001eae                nfc::NfcOled::mifareWritePage(card&, unsigned char, unsigned char, char const*)
 .text._ZN3nfc7NfcOled15mifareIncrementER4cardhNS_14mifareCommandsEhhPKhm
                0x0000000000001ebc       0x1a ../code/src/pn532Oled.o
                0x0000000000001ebc                nfc::NfcOled::mifareIncrement(card&, unsigned char, nfc::mifareCommands, unsigned char, unsigned char, unsigned char const*, unsigned long)
 .text._ZN3nfc7NfcOled14mifareTransferER4cardhNS_14mifareCommandsEhhPKh
                0x0000000000001ed6       0x1a ../code/src/pn532Oled.o
                0x0000000000001ed6                nfc::NfcOled::mifareTransfer(card&, unsigned char, nfc::mifareCommands, unsigned char, unsigned char, unsigned char const*)
 .text._ZN3nfc7NfcOled15mifareDecrementER4cardhNS_14mifareCommandsEhhPKhm
                0x0000000000001ef0       0x1a ../code/src/pn532Oled.o
                0x0000000000001ef0                nfc::NfcOled::mifareDecrement(card&, unsigned char, nfc::mifareCommands, unsigned char, unsigned char, unsigned char const*, unsigned long)
 .text._ZN5hwliblsERNS_7ostreamENS_6_flushE.isra.2
                0x0000000000001f0a        0xe ../code/src/pn532Oled.o
 .text._ZN3nfc7NfcOled4initEv
                0x0000000000001f18       0x34 ../code/src/pn532Oled.o
                0x0000000000001f18                nfc::NfcOled::init()
 .text._ZN3nfc7NfcOled15performSelftestEv
                0x0000000000001f4c       0x54 ../code/src/pn532Oled.o
                0x0000000000001f4c                nfc::NfcOled::performSelftest()
 .text._ZN3nfc7NfcOled16SAMConfigurationEh
                0x0000000000001fa0       0x44 ../code/src/pn532Oled.o
                0x0000000000001fa0                nfc::NfcOled::SAMConfiguration(unsigned char)
 .text._ZN3nfc7NfcOled7RFFieldEb
                0x0000000000001fe4       0x40 ../code/src/pn532Oled.o
                0x0000000000001fe4                nfc::NfcOled::RFField(bool)
 .text._ZN3nfc7NfcOled13setMaxRetriesEh
                0x0000000000002024       0x44 ../code/src/pn532Oled.o
                0x0000000000002024                nfc::NfcOled::setMaxRetries(unsigned char)
 .text._ZN3nfc7NfcOled10detectCardER4cardhh
                0x0000000000002068       0x50 ../code/src/pn532Oled.o
                0x0000000000002068                nfc::NfcOled::detectCard(card&, unsigned char, unsigned char)
 .text._ZN3nfc7NfcOled18mifareAuthenticateER4cardhNS_14mifareCommandsEhPKh
                0x00000000000020b8       0x3c ../code/src/pn532Oled.o
                0x00000000000020b8                nfc::NfcOled::mifareAuthenticate(card&, unsigned char, nfc::mifareCommands, unsigned char, unsigned char const*)
 .text._ZN3nfc7NfcOled14mifareReadCardER4cardhNS_14mifareCommandsERKNS_8cardKeysE
                0x00000000000020f4       0x5c ../code/src/pn532Oled.o
                0x00000000000020f4                nfc::NfcOled::mifareReadCard(card&, unsigned char, nfc::mifareCommands, nfc::cardKeys const&)
 .text._ZN3nfc7NfcOled20mifareMakeValueBlockER4cardhNS_14mifareCommandsEhhPKh
                0x0000000000002150       0x74 ../code/src/pn532Oled.o
                0x0000000000002150                nfc::NfcOled::mifareMakeValueBlock(card&, unsigned char, nfc::mifareCommands, unsigned char, unsigned char, unsigned char const*)
 .text._ZN3nfc7NfcOled16getGeneralStatusEv
                0x00000000000021c4       0xb0 ../code/src/pn532Oled.o
                0x00000000000021c4                nfc::NfcOled::getGeneralStatus()
 .text._ZN3nfc7NfcOled18getFirmwareVersionEv
                0x0000000000002274       0xbc ../code/src/pn532Oled.o
                0x0000000000002274                nfc::NfcOled::getFirmwareVersion()
 .text._ZN3nfc7NfcOledC2ERNS_3NFCERN5hwlib13terminal_fromERN13communication8protocolE
                0x0000000000002330       0x1c ../code/src/pn532Oled.o
                0x0000000000002330                nfc::NfcOled::NfcOled(nfc::NFC&, hwlib::terminal_from&, communication::protocol&)
                0x0000000000002330                nfc::NfcOled::NfcOled(nfc::NFC&, hwlib::terminal_from&, communication::protocol&)
 .text._ZN16setupSendCommand17calculateChecksumEPKhih
                0x000000000000234c       0x1a ../code/src/pn532Command.o
                0x000000000000234c                setupSendCommand::calculateChecksum(unsigned char const*, int, unsigned char)
 .text._ZN16setupSendCommandC2EPKhh
                0x0000000000002366       0x5e ../code/src/pn532Command.o
                0x0000000000002366                setupSendCommand::setupSendCommand(unsigned char const*, unsigned char)
                0x0000000000002366                setupSendCommand::setupSendCommand(unsigned char const*, unsigned char)
 .text._ZN15receivedCommandC2EPKhh
                0x00000000000023c4       0x56 ../code/src/pn532Command.o
                0x00000000000023c4                receivedCommand::receivedCommand(unsigned char const*, unsigned char)
                0x00000000000023c4                receivedCommand::receivedCommand(unsigned char const*, unsigned char)
 .text._ZN4card7addPageEPhji
                0x000000000000241a       0x1a ../code/src/mifareClassic.o
                0x000000000000241a                card::addPage(unsigned char*, unsigned int, int)
 .text._ZNK4card8readPageEi
                0x0000000000002434       0x60 ../code/src/mifareClassic.o
                0x0000000000002434                card::readPage(int) const
 .text._ZN4card6setUIDER15receivedCommand
                0x0000000000002494       0x1c ../code/src/mifareClassic.o
                0x0000000000002494                card::setUID(receivedCommand&)
 .text._ZNK4card6getUIDEv
                0x00000000000024b0       0x26 ../code/src/mifareClassic.o
                0x00000000000024b0                card::getUID() const
 .text._ZNK4card7getPageEh
                0x00000000000024d6       0x2e ../code/src/mifareClassic.o
                0x00000000000024d6                card::getPage(unsigned char) const
 .text._ZN5hwlib20pin_direct_from_in_t4readEv
                0x0000000000002504       0x18 hwlib.o
                0x0000000000002504                hwlib::pin_direct_from_in_t::read()
 .text._ZN5hwlib20pin_direct_from_in_t7refreshEv
                0x000000000000251c        0x2 hwlib.o
                0x000000000000251c                hwlib::pin_direct_from_in_t::refresh()
 .text._ZN5hwlib21pin_direct_from_out_t5flushEv
                0x000000000000251e        0x2 hwlib.o
                0x000000000000251e                hwlib::pin_direct_from_out_t::flush()
 .text._ZN5hwlib20cout_using_uart_putc5flushEv
                0x0000000000002520        0x2 hwlib.o
                0x0000000000002520                hwlib::cout_using_uart_putc::flush()
 .text._ZNK5hwlib14image_invert_t18get_implementationENS_2xyE
                0x0000000000002522       0x8a hwlib.o
                0x0000000000002522                hwlib::image_invert_t::get_implementation(hwlib::xy) const
 .text._ZNK5hwlib9image_8x818get_implementationENS_2xyE
                0x00000000000025ac       0x44 hwlib.o
                0x00000000000025ac                hwlib::image_8x8::get_implementation(hwlib::xy) const
 .text._ZN5hwlib5panicEPKcj
                0x00000000000025f0        0x2 hwlib.o
                0x00000000000025f0                hwlib::panic(char const*, unsigned int)
 *fill*         0x00000000000025f2        0x2 
 .text._ZN5hwlib6directERNS_7pin_outE
                0x00000000000025f4        0xc hwlib.o
                0x00000000000025f4                hwlib::direct(hwlib::pin_out&)
 .text._ZN5hwlib6directERNS_6pin_inE
                0x0000000000002600        0xc hwlib.o
                0x0000000000002600                hwlib::direct(hwlib::pin_in&)
 .text._ZN5hwlib3allENS_2xyE
                0x000000000000260c       0x16 hwlib.o
                0x000000000000260c                hwlib::all(hwlib::xy)
 *fill*         0x0000000000002622        0x2 
 .text._ZN5hwlib6invertERKNS_5imageE
                0x0000000000002624       0x18 hwlib.o
                0x0000000000002624                hwlib::invert(hwlib::image const&)
 .text._ZN5hwlib6window5writeENS_2xyENS_5colorE
                0x000000000000263c       0x3e hwlib.o
                0x000000000000263c                hwlib::window::write(hwlib::xy, hwlib::color)
 *fill*         0x000000000000267a        0x2 
 .text._ZN3due9uart_initEv
                0x000000000000267c       0x60 hwlib.o
                0x000000000000267c                due::uart_init()
 .text._ZN3due9uart_putcEc
                0x00000000000026dc       0x1c hwlib.o
                0x00000000000026dc                due::uart_putc(char)
 .text._ZN5hwlib20cout_using_uart_putc4putcEc
                0x00000000000026f8        0xa hwlib.o
                0x00000000000026f8                hwlib::cout_using_uart_putc::putc(char)
 .text._ZN5hwlib6now_usEv
                0x0000000000002702       0x1c hwlib.o
                0x0000000000002702                hwlib::now_us()
 .text._ZN5hwlib12wait_us_busyEi
                0x000000000000271e       0x1c hwlib.o
                0x000000000000271e                hwlib::wait_us_busy(int)
 .text._ZN5hwlib7wait_usEi
                0x000000000000273a        0x8 hwlib.o
                0x000000000000273a                hwlib::wait_us(int)
 .text._ZN5hwlib12wait_ms_busyEi
                0x0000000000002742       0x16 hwlib.o
                0x0000000000002742                hwlib::wait_ms_busy(int)
 .text._ZN5hwlib7wait_msEi
                0x0000000000002758        0x8 hwlib.o
                0x0000000000002758                hwlib::wait_ms(int)
 .text._ZN5hwlib8terminal10cursor_setENS_2xyE
                0x0000000000002760       0x28 main.o
                0x0000000000002760                hwlib::terminal::cursor_set(hwlib::xy)
 .text._ZN5hwlib14i2c_primitives8read_ackEv
                0x0000000000002788       0x10 main.o
                0x0000000000002788                hwlib::i2c_primitives::read_ack()
 .text._ZN5hwlib14i2c_primitives9write_ackEv
                0x0000000000002798        0x8 main.o
                0x0000000000002798                hwlib::i2c_primitives::write_ack()
 .text._ZN5hwlib14i2c_primitives10write_nackEv
                0x00000000000027a0        0x8 main.o
                0x00000000000027a0                hwlib::i2c_primitives::write_nack()
 .text._ZN5hwlib14i2c_primitives5writeEh
                0x00000000000027a8       0x1c main.o
                0x00000000000027a8                hwlib::i2c_primitives::write(unsigned char)
 .text._ZN5hwlib14i2c_primitives5writeEPKhj
                0x00000000000027c4       0x24 main.o
                0x00000000000027c4                hwlib::i2c_primitives::write(unsigned char const*, unsigned int)
 .text._ZN5hwlib14i2c_primitives9read_byteEv
                0x00000000000027e8       0x20 main.o
                0x00000000000027e8                hwlib::i2c_primitives::read_byte()
 .text._ZN5hwlib14i2c_primitives4readEbPhj
                0x0000000000002808       0x36 main.o
                0x0000000000002808                hwlib::i2c_primitives::read(bool, unsigned char*, unsigned int)
 .text._ZN5hwlib13terminal_from25cursor_set_implementationENS_2xyE
                0x000000000000283e       0x28 main.o
                0x000000000000283e                hwlib::terminal_from::cursor_set_implementation(hwlib::xy)
 .text._ZN5hwlib13terminal_from5clearEv
                0x0000000000002866       0x28 main.o
                0x0000000000002866                hwlib::terminal_from::clear()
 .text._ZN5hwlib13terminal_from5flushEv
                0x000000000000288e        0x8 main.o
                0x000000000000288e                hwlib::terminal_from::flush()
 *fill*         0x0000000000002896        0x2 
 .text._ZNK5hwlib16font_default_8x8ixEc
                0x0000000000002898       0x14 main.o
                0x0000000000002898                hwlib::font_default_8x8::operator[](char) const
 .text._ZN5hwlib29glcd_oled_i2c_128x64_buffered20write_implementationENS_2xyENS_5colorE
                0x00000000000028ac       0x64 main.o
                0x00000000000028ac                hwlib::glcd_oled_i2c_128x64_buffered::write_implementation(hwlib::xy, hwlib::color)
 .text._ZN3due6pin_in4readEv
                0x0000000000002910       0x10 main.o
                0x0000000000002910                due::pin_in::read()
 .text._ZN3due6pin_in7refreshEv
                0x0000000000002920        0x2 main.o
                0x0000000000002920                due::pin_in::refresh()
 .text._ZN3due7pin_out5writeEb
                0x0000000000002922        0xe main.o
                0x0000000000002922                due::pin_out::write(bool)
 .text._ZN3due7pin_out5flushEv
                0x0000000000002930        0x2 main.o
                0x0000000000002930                due::pin_out::flush()
 .text._ZN3due6pin_oc4readEv
                0x0000000000002932       0x10 main.o
                0x0000000000002932                due::pin_oc::read()
 .text._ZN3due6pin_oc5writeEb
                0x0000000000002942       0x10 main.o
                0x0000000000002942                due::pin_oc::write(bool)
 .text._ZN3due6pin_oc5flushEv
                0x0000000000002952        0x2 main.o
                0x0000000000002952                due::pin_oc::flush()
 .text._ZN3due6pin_oc7refreshEv
                0x0000000000002954        0x2 main.o
                0x0000000000002954                due::pin_oc::refresh()
 *fill*         0x0000000000002956        0x2 
 .text._ZN12HardwareUart9uart_initEv
                0x0000000000002958       0x4c main.o
                0x0000000000002958                HardwareUart::uart_init()
 .text._ZN12HardwareUart11receiveByteEv
                0x00000000000029a4        0x8 main.o
                0x00000000000029a4                HardwareUart::receiveByte()
 .text._ZN12HardwareUart7rxReadyEv
                0x00000000000029ac        0xa main.o
                0x00000000000029ac                HardwareUart::rxReady()
 .text._ZN12HardwareUart8sendByteEh
                0x00000000000029b6        0xc main.o
                0x00000000000029b6                HardwareUart::sendByte(unsigned char)
 .text._ZN12HardwareUart4getCEv
                0x00000000000029c2       0x24 main.o
                0x00000000000029c2                HardwareUart::getC()
 .text._ZN5hwlib8terminal4putcEc
                0x00000000000029e6       0xde main.o
                0x00000000000029e6                hwlib::terminal::putc(char)
 .text._ZN5hwlib26i2c_bus_bit_banged_scl_sda16wait_half_periodEv.isra.4
                0x0000000000002ac4        0x6 main.o
 .text._ZN5hwlib26i2c_bus_bit_banged_scl_sda10write_stopEv
                0x0000000000002aca       0x60 main.o
                0x0000000000002aca                hwlib::i2c_bus_bit_banged_scl_sda::write_stop()
 .text._ZN5hwlib26i2c_bus_bit_banged_scl_sda11write_startEv
                0x0000000000002b2a       0x34 main.o
                0x0000000000002b2a                hwlib::i2c_bus_bit_banged_scl_sda::write_start()
 .text._ZN5hwlib26i2c_bus_bit_banged_scl_sda8read_bitEv
                0x0000000000002b5e       0x68 main.o
                0x0000000000002b5e                hwlib::i2c_bus_bit_banged_scl_sda::read_bit()
 .text._ZN5hwlib26i2c_bus_bit_banged_scl_sda9write_bitEb
                0x0000000000002bc6       0x52 main.o
                0x0000000000002bc6                hwlib::i2c_bus_bit_banged_scl_sda::write_bit(bool)
 .text._ZN5hwlib33spi_bus_bit_banged_sclk_mosi_miso14write_and_readEjPKhPh
                0x0000000000002c18       0x88 main.o
                0x0000000000002c18                hwlib::spi_bus_bit_banged_sclk_mosi_miso::write_and_read(unsigned int, unsigned char const*, unsigned char*)
 .text._ZN12HardwareUart17uart_has_rx_errorEv
                0x0000000000002ca0       0x28 main.o
                0x0000000000002ca0                HardwareUart::uart_has_rx_error()
 .text._ZN12HardwareUart16uart_has_overrunEv
                0x0000000000002cc8       0x30 main.o
                0x0000000000002cc8                HardwareUart::uart_has_overrun()
 .text._ZN12HardwareUart9avialableEv
                0x0000000000002cf8       0x58 main.o
                0x0000000000002cf8                HardwareUart::avialable()
 .text._ZN5hwlib13xy_iterator_tppEv
                0x0000000000002d50       0x18 main.o
                0x0000000000002d50                hwlib::xy_iterator_t::operator++()
 .text._ZN5hwlib21i2c_write_transaction5writeEPKhj
                0x0000000000002d68        0x8 main.o
                0x0000000000002d68                hwlib::i2c_write_transaction::write(unsigned char const*, unsigned int)
 .text._ZN5hwlib6window5clearEv
                0x0000000000002d70       0x4e main.o
                0x0000000000002d70                hwlib::window::clear()
 .text._ZN5hwlib6window5clearENS_5colorE
                0x0000000000002dbe       0x50 main.o
                0x0000000000002dbe                hwlib::window::clear(hwlib::color)
 .text._ZN5hwlib13terminal_from19putc_implementationEc
                0x0000000000002e0e       0xa2 main.o
                0x0000000000002e0e                hwlib::terminal_from::putc_implementation(char)
 .text._ZN5hwlib11ssd1306_i2c7commandENS_16ssd1306_commandsEhh
                0x0000000000002eb0       0x3c main.o
                0x0000000000002eb0                hwlib::ssd1306_i2c::command(hwlib::ssd1306_commands, unsigned char, unsigned char)
 .text._ZN5hwlib29glcd_oled_i2c_128x64_buffered5flushEv
                0x0000000000002eec       0x58 main.o
                0x0000000000002eec                hwlib::glcd_oled_i2c_128x64_buffered::flush()
 .text._ZN3due6pin_inC2ENS_4pinsE
                0x0000000000002f44       0x34 main.o
                0x0000000000002f44                due::pin_in::pin_in(due::pins)
                0x0000000000002f44                due::pin_in::pin_in(due::pins)
 .text._ZN3due7pin_outC2ENS_4pinsE
                0x0000000000002f78       0x34 main.o
                0x0000000000002f78                due::pin_out::pin_out(due::pins)
                0x0000000000002f78                due::pin_out::pin_out(due::pins)
 .text._ZN3due6pin_ocC2ENS_4pinsE
                0x0000000000002fac       0x34 main.o
                0x0000000000002fac                due::pin_oc::pin_oc(due::pins)
                0x0000000000002fac                due::pin_oc::pin_oc(due::pins)
 .text.startup.main
                0x0000000000002fe0      0x2b0 main.o
                0x0000000000002fe0                main
 .text.__startup
                0x0000000000003290       0x48 bmptk_cortex.o
                0x0000000000003290                __startup
 .text.__cxa_pure_virtual
                0x00000000000032d8        0x2 bmptk_cortex.o
                0x00000000000032d8                __cxa_pure_virtual
 *fill*         0x00000000000032da        0x2 
 .text.asinl    0x00000000000032dc        0x4 /usr/bin/../lib/gcc/arm-none-eabi/7.3.1/../../../../arm-none-eabi/lib/thumb/v7-m/libm.a(lib_a-asinl.o)
                0x00000000000032dc                asinl
 .text.cosl     0x00000000000032e0        0x4 /usr/bin/../lib/gcc/arm-none-eabi/7.3.1/../../../../arm-none-eabi/lib/thumb/v7-m/libm.a(lib_a-cosl.o)
                0x00000000000032e0                cosl
 .text.cos      0x00000000000032e4       0x90 /usr/bin/../lib/gcc/arm-none-eabi/7.3.1/../../../../arm-none-eabi/lib/thumb/v7-m/libm.a(lib_a-s_cos.o)
                0x00000000000032e4                cos
 .text.sinl     0x0000000000003374        0x4 /usr/bin/../lib/gcc/arm-none-eabi/7.3.1/../../../../arm-none-eabi/lib/thumb/v7-m/libm.a(lib_a-sinl.o)
                0x0000000000003374                sinl
 .text.sqrtl    0x0000000000003378        0x4 /usr/bin/../lib/gcc/arm-none-eabi/7.3.1/../../../../arm-none-eabi/lib/thumb/v7-m/libm.a(lib_a-sqrtl.o)
                0x0000000000003378                sqrtl
 .text.asin     0x000000000000337c       0xa4 /usr/bin/../lib/gcc/arm-none-eabi/7.3.1/../../../../arm-none-eabi/lib/thumb/v7-m/libm.a(lib_a-w_asin.o)
                0x000000000000337c                asin
 .text.sqrt     0x0000000000003420       0xbc /usr/bin/../lib/gcc/arm-none-eabi/7.3.1/../../../../arm-none-eabi/lib/thumb/v7-m/libm.a(lib_a-w_sqrt.o)
                0x0000000000003420                sqrt
 *fill*         0x00000000000034dc        0x4 
 .text.__ieee754_asin
                0x00000000000034e0      0x474 /usr/bin/../lib/gcc/arm-none-eabi/7.3.1/../../../../arm-none-eabi/lib/thumb/v7-m/libm.a(lib_a-e_asin.o)
                0x00000000000034e0                __ieee754_asin
 *fill*         0x0000000000003954        0x4 
 .text.__ieee754_rem_pio2
                0x0000000000003958      0x43c /usr/bin/../lib/gcc/arm-none-eabi/7.3.1/../../../../arm-none-eabi/lib/thumb/v7-m/libm.a(lib_a-e_rem_pio2.o)
                0x0000000000003958                __ieee754_rem_pio2
 .text.__ieee754_sqrt
                0x0000000000003d94      0x184 /usr/bin/../lib/gcc/arm-none-eabi/7.3.1/../../../../arm-none-eabi/lib/thumb/v7-m/libm.a(lib_a-e_sqrt.o)
                0x0000000000003d94                __ieee754_sqrt
 .text.__kernel_cos
                0x0000000000003f18      0x248 /usr/bin/../lib/gcc/arm-none-eabi/7.3.1/../../../../arm-none-eabi/lib/thumb/v7-m/libm.a(lib_a-k_cos.o)
                0x0000000000003f18                __kernel_cos
 .text.__kernel_rem_pio2
                0x0000000000004160      0x850 /usr/bin/../lib/gcc/arm-none-eabi/7.3.1/../../../../arm-none-eabi/lib/thumb/v7-m/libm.a(lib_a-k_rem_pio2.o)
                0x0000000000004160                __kernel_rem_pio2
 .text.__kernel_sin
                0x00000000000049b0      0x16c /usr/bin/../lib/gcc/arm-none-eabi/7.3.1/../../../../arm-none-eabi/lib/thumb/v7-m/libm.a(lib_a-k_sin.o)
                0x00000000000049b0                __kernel_sin
 .text.fabs     0x0000000000004b1c        0x8 /usr/bin/../lib/gcc/arm-none-eabi/7.3.1/../../../../arm-none-eabi/lib/thumb/v7-m/libm.a(lib_a-s_fabs.o)
                0x0000000000004b1c                fabs
 *fill*         0x0000000000004b24        0x4 
 .text.floor    0x0000000000004b28      0x108 /usr/bin/../lib/gcc/arm-none-eabi/7.3.1/../../../../arm-none-eabi/lib/thumb/v7-m/libm.a(lib_a-s_floor.o)
                0x0000000000004b28                floor
 .text.matherr  0x0000000000004c30        0x4 /usr/bin/../lib/gcc/arm-none-eabi/7.3.1/../../../../arm-none-eabi/lib/thumb/v7-m/libm.a(lib_a-s_matherr.o)
                0x0000000000004c30                matherr
 .text.nan      0x0000000000004c34        0xc /usr/bin/../lib/gcc/arm-none-eabi/7.3.1/../../../../arm-none-eabi/lib/thumb/v7-m/libm.a(lib_a-s_nan.o)
                0x0000000000004c34                nan
 .text.scalbn   0x0000000000004c40       0xe4 /usr/bin/../lib/gcc/arm-none-eabi/7.3.1/../../../../arm-none-eabi/lib/thumb/v7-m/libm.a(lib_a-s_scalbn.o)
                0x0000000000004c40                scalbn
 .text.sin      0x0000000000004d24       0x90 /usr/bin/../lib/gcc/arm-none-eabi/7.3.1/../../../../arm-none-eabi/lib/thumb/v7-m/libm.a(lib_a-s_sin.o)
                0x0000000000004d24                sin
 .text.copysign
                0x0000000000004db4       0x10 /usr/bin/../lib/gcc/arm-none-eabi/7.3.1/../../../../arm-none-eabi/lib/thumb/v7-m/libm.a(lib_a-s_copysign.o)
                0x0000000000004db4                copysign
 .text          0x0000000000004dc4      0x378 /usr/bin/../lib/gcc/arm-none-eabi/7.3.1/thumb/v7-m/libgcc.a(_arm_addsubdf3.o)
                0x0000000000004dc4                __aeabi_drsub
                0x0000000000004dcc                __aeabi_dsub
                0x0000000000004dcc                __subdf3
                0x0000000000004dd0                __adddf3
                0x0000000000004dd0                __aeabi_dadd
                0x0000000000005048                __aeabi_ui2d
                0x0000000000005048                __floatunsidf
                0x0000000000005068                __floatsidf
                0x0000000000005068                __aeabi_i2d
                0x000000000000508c                __extendsfdf2
                0x000000000000508c                __aeabi_f2d
                0x00000000000050d0                __aeabi_ul2d
                0x00000000000050d0                __floatundidf
                0x00000000000050e0                __floatdidf
                0x00000000000050e0                __aeabi_l2d
 .text          0x000000000000513c      0x424 /usr/bin/../lib/gcc/arm-none-eabi/7.3.1/thumb/v7-m/libgcc.a(_arm_muldivdf3.o)
                0x000000000000513c                __aeabi_dmul
                0x000000000000513c                __muldf3
                0x0000000000005390                __aeabi_ddiv
                0x0000000000005390                __divdf3
 .text          0x0000000000005560      0x110 /usr/bin/../lib/gcc/arm-none-eabi/7.3.1/thumb/v7-m/libgcc.a(_arm_cmpdf2.o)
                0x0000000000005560                __gtdf2
                0x0000000000005560                __gedf2
                0x0000000000005568                __ltdf2
                0x0000000000005568                __ledf2
                0x0000000000005570                __cmpdf2
                0x0000000000005570                __eqdf2
                0x0000000000005570                __nedf2
                0x00000000000055ec                __aeabi_cdrcmple
                0x00000000000055fc                __aeabi_cdcmple
                0x00000000000055fc                __aeabi_cdcmpeq
                0x000000000000560c                __aeabi_dcmpeq
                0x0000000000005620                __aeabi_dcmplt
                0x0000000000005634                __aeabi_dcmple
                0x0000000000005648                __aeabi_dcmpge
                0x000000000000565c                __aeabi_dcmpgt
 .text          0x0000000000005670       0x2c /usr/bin/../lib/gcc/arm-none-eabi/7.3.1/thumb/v7-m/libgcc.a(_arm_unorddf2.o)
                0x0000000000005670                __aeabi_dcmpun
                0x0000000000005670                __unorddf2
 .text          0x000000000000569c       0x50 /usr/bin/../lib/gcc/arm-none-eabi/7.3.1/thumb/v7-m/libgcc.a(_arm_fixdfsi.o)
                0x000000000000569c                __fixdfsi
                0x000000000000569c                __aeabi_d2iz
 .text          0x00000000000056ec       0xa0 /usr/bin/../lib/gcc/arm-none-eabi/7.3.1/thumb/v7-m/libgcc.a(_arm_truncdfsf2.o)
                0x00000000000056ec                __aeabi_d2f
                0x00000000000056ec                __truncdfsf2
 .text          0x000000000000578c      0x2a0 /usr/bin/../lib/gcc/arm-none-eabi/7.3.1/thumb/v7-m/libgcc.a(_arm_muldivsf3.o)
                0x000000000000578c                __mulsf3
                0x000000000000578c                __aeabi_fmul
                0x00000000000058f4                __divsf3
                0x00000000000058f4                __aeabi_fdiv
 .text          0x0000000000005a2c       0x40 /usr/bin/../lib/gcc/arm-none-eabi/7.3.1/thumb/v7-m/libgcc.a(_arm_fixunssfsi.o)
                0x0000000000005a2c                __aeabi_f2uiz
                0x0000000000005a2c                __fixunssfsi
 .text          0x0000000000005a6c       0xa0 /usr/bin/../lib/gcc/arm-none-eabi/7.3.1/thumb/v7-m/libgcc.a(_aeabi_ldivmod.o)
                0x0000000000005a6c                __aeabi_ldivmod
 .text          0x0000000000005b0c       0x30 /usr/bin/../lib/gcc/arm-none-eabi/7.3.1/thumb/v7-m/libgcc.a(_aeabi_uldivmod.o)
                0x0000000000005b0c                __aeabi_uldivmod
 .text          0x0000000000005b3c      0x2d0 /usr/bin/../lib/gcc/arm-none-eabi/7.3.1/thumb/v7-m/libgcc.a(_udivmoddi4.o)
                0x0000000000005b3c                __udivmoddi4
 .text          0x0000000000005e0c        0x4 /usr/bin/../lib/gcc/arm-none-eabi/7.3.1/thumb/v7-m/libgcc.a(_dvmd_tls.o)
                0x0000000000005e0c                __aeabi_ldiv0
 .text.__errno  0x0000000000005e10        0xc /usr/bin/../lib/gcc/arm-none-eabi/7.3.1/../../../../arm-none-eabi/lib/thumb/v7-m/libc.a(lib_a-errno.o)
                0x0000000000005e10                __errno
 .text.memcmp   0x0000000000005e1c       0x64 /usr/bin/../lib/gcc/arm-none-eabi/7.3.1/../../../../arm-none-eabi/lib/thumb/v7-m/libc.a(lib_a-memcmp.o)
                0x0000000000005e1c                memcmp
 .text          0x0000000000005e80       0xec /usr/bin/../lib/gcc/arm-none-eabi/7.3.1/../../../../arm-none-eabi/lib/thumb/v7-m/libc.a(lib_a-memcpy.o)
                0x0000000000005e80                memcpy
 .text.memset   0x0000000000005f6c       0x94 /usr/bin/../lib/gcc/arm-none-eabi/7.3.1/../../../../arm-none-eabi/lib/thumb/v7-m/libc.a(lib_a-memset.o)
                0x0000000000005f6c                memset
                0x0000000000006000                . = ALIGN (0x4)
 *(.glue_7t .glue_7)
 .glue_7        0x0000000000006000        0x0 linker stubs
 .glue_7t       0x0000000000006000        0x0 linker stubs
                0x0000000000006000                . = ALIGN (0x4)
 *(.rodata .rodata.* .gnu.linkonce.r.*)
 .rodata._ZTV9ovTracker
                0x0000000000006000       0x34 code/src/ov.o
                0x0000000000006000                vtable for ovTracker
 *fill*         0x0000000000006034        0x4 
 .rodata        0x0000000000006038      0x200 code/src/ov.o
 .rodata._ZN3due8pin_infoENS_4pinsE.str1.1
                0x0000000000006238       0x5e code/src/ov.o
 .rodata._ZZN3due8pin_infoENS_4pinsEE14pin_info_array
                0x0000000000006296       0xa4 code/src/ov.o
 .rodata        0x000000000000633a       0x24 code/src/train_ov.o
 *fill*         0x000000000000635e        0x2 
 .rodata._ZL8stations
                0x0000000000006360      0x1b0 code/src/train_ov.o
 .rodata._ZN5train12validateCardER4card.str1.1
                0x0000000000006510       0x1c code/src/train_ov.o
 .rodata._ZN5train16getAndSetStationEv.str1.1
                0x000000000000652c       0x12 code/src/train_ov.o
 .rodata._ZN5train5topUpEi.str1.1
                0x000000000000653e       0x34 code/src/train_ov.o
                                         0x37 (size before relaxing)
 .rodata._ZN5train7checkInER4card.str1.1
                0x0000000000006572       0x51 code/src/train_ov.o
                                         0x53 (size before relaxing)
 .rodata._ZN5train7getModeEv.str1.1
                0x00000000000065c3       0x12 code/src/train_ov.o
 .rodata._ZN5train8checkOutEi.str1.1
                0x00000000000065d5       0x45 code/src/train_ov.o
 .rodata._ZN5train8waitCardEv.str1.1
                0x000000000000661a       0x45 code/src/train_ov.o
                                          0x2 (size before relaxing)
 *fill*         0x000000000000661a        0x2 
 .rodata._ZTV5train
                0x000000000000661c       0x34 code/src/train_ov.o
                0x000000000000661c                vtable for train
 .rodata._ZN13communication4uart11receiveDataEPhh.str1.1
                0x0000000000006650        0x5 ../code/src/interface.o
 *fill*         0x0000000000006655        0x3 
 .rodata._ZTVN13communication3i2cE
                0x0000000000006658       0x18 ../code/src/interface.o
                0x0000000000006658                vtable for communication::i2c
 .rodata._ZTVN13communication3spiE
                0x0000000000006670       0x18 ../code/src/interface.o
                0x0000000000006670                vtable for communication::spi
 .rodata._ZTVN13communication4uartE
                0x0000000000006688       0x18 ../code/src/interface.o
                0x0000000000006688                vtable for communication::uart
 .rodata        0x00000000000066a0       0x19 ../code/src/pn532.o
 .rodata._ZN3nfc10PN532_chip10detectCardER4cardhh.str1.1
                0x00000000000066b9       0x1b ../code/src/pn532.o
 .rodata._ZN3nfc10PN532_chip14mifareReadCardER4cardhNS_14mifareCommandsERKNS_8cardKeysE.str1.1
                0x00000000000066d4       0x2c ../code/src/pn532.o
 .rodata._ZN3nfc10PN532_chip14mifareReadPageER4cardhh.str1.1
                0x0000000000006700        0xd ../code/src/pn532.o
 .rodata._ZN3nfc10PN532_chip15mifareWritePageER4cardhhPKc.str1.1
                0x000000000000670d       0x33 ../code/src/pn532.o
 .rodata._ZN3nfc10PN532_chip17setSerialBaudrateENS_8baudRateE.str1.1
                0x0000000000006740       0x19 ../code/src/pn532.o
 .rodata._ZN3nfc10PN532_chip18mifareAuthenticateER4cardhNS_14mifareCommandsEhPKh.str1.1
                0x0000000000006759       0x2c ../code/src/pn532.o
 .rodata._ZN3nfc10PN532_chip20mifareMakeValueBlockER4cardhNS_14mifareCommandsEhhPKh.str1.1
                0x0000000000006785       0x1d ../code/src/pn532.o
 .rodata._ZN3nfc5pn5327generalL23Ack_buffer_template_i2cE
                0x00000000000067a2        0x7 ../code/src/pn532.o
 .rodata._ZN3nfc5pn5327generalL23Ack_buffer_template_spiE
                0x00000000000067a9        0x6 ../code/src/pn532.o
 *fill*         0x00000000000067af        0x1 
 .rodata._ZTVN3nfc10PN532_chipE
                0x00000000000067b0       0x74 ../code/src/pn532.o
                0x00000000000067b0                vtable for nfc::PN532_chip
 .rodata._ZN3nfc7NfcOled10detectCardER4cardhh.str1.1
                0x0000000000006824        0xd ../code/src/pn532Oled.o
                                          0xf (size before relaxing)
 .rodata._ZN3nfc7NfcOled13setMaxRetriesEh.str1.1
                0x0000000000006831       0x22 ../code/src/pn532Oled.o
 .rodata._ZN3nfc7NfcOled14mifareReadCardER4cardhNS_14mifareCommandsERKNS_8cardKeysE.str1.1
                0x0000000000006853       0x1e ../code/src/pn532Oled.o
 .rodata._ZN3nfc7NfcOled15performSelftestEv.str1.1
                0x0000000000006871       0x10 ../code/src/pn532Oled.o
                                         0x1a (size before relaxing)
 .rodata._ZN3nfc7NfcOled16SAMConfigurationEh.str1.1
                0x0000000000006881       0x23 ../code/src/pn532Oled.o
 .rodata._ZN3nfc7NfcOled16getGeneralStatusEv.str1.1
                0x00000000000068a4       0x46 ../code/src/pn532Oled.o
 .rodata._ZN3nfc7NfcOled18getFirmwareVersionEv.str1.1
                0x00000000000068ea       0x45 ../code/src/pn532Oled.o
 .rodata._ZN3nfc7NfcOled18mifareAuthenticateER4cardhNS_14mifareCommandsEhPKh.str1.1
                0x000000000000692f        0xe ../code/src/pn532Oled.o
                                         0x16 (size before relaxing)
 .rodata._ZN3nfc7NfcOled20mifareMakeValueBlockER4cardhNS_14mifareCommandsEhhPKh.str1.1
                0x000000000000693d       0x23 ../code/src/pn532Oled.o
 .rodata._ZN3nfc7NfcOled4initEv.str1.1
                0x0000000000006960       0x13 ../code/src/pn532Oled.o
 .rodata._ZN3nfc7NfcOled7RFFieldEb.str1.1
                0x0000000000006973       0x11 ../code/src/pn532Oled.o
 .rodata._ZTVN3nfc7NfcOledE
                0x0000000000006984       0x74 ../code/src/pn532Oled.o
                0x0000000000006984                vtable for nfc::NfcOled
 .rodata._ZNK4card8readPageEi.str1.1
                0x00000000000069f8       0x11 ../code/src/mifareClassic.o
                                          0x6 (size before relaxing)
 .rodata._ZTVN5hwlib20pin_direct_from_in_tE
                0x00000000000069f8       0x10 hwlib.o
                0x00000000000069f8                vtable for hwlib::pin_direct_from_in_t
 .rodata._ZTVN5hwlib21pin_direct_from_out_tE
                0x0000000000006a08       0x10 hwlib.o
                0x0000000000006a08                vtable for hwlib::pin_direct_from_out_t
 .rodata._ZTVN5hwlib20cout_using_uart_putcE
                0x0000000000006a18       0x10 hwlib.o
                0x0000000000006a18                vtable for hwlib::cout_using_uart_putc
 .rodata._ZTVN5hwlib14image_invert_tE
                0x0000000000006a28        0xc hwlib.o
                0x0000000000006a28                vtable for hwlib::image_invert_t
 .rodata._ZTVN5hwlib9image_8x8E
                0x0000000000006a34        0xc hwlib.o
                0x0000000000006a34                vtable for hwlib::image_8x8
 .rodata._ZN5hwlib16font_default_8x86imagesE
                0x0000000000006a40      0xa00 hwlib.o
                0x0000000000006a40                hwlib::font_default_8x8::images
 .rodata._ZN5hwlibL5blackE
                0x0000000000007440        0x4 hwlib.o
 .rodata._ZN5hwlibL5whiteE
                0x0000000000007444        0x4 hwlib.o
 .rodata._ZTVN5hwlib26i2c_bus_bit_banged_scl_sdaE
                0x0000000000007448       0x34 main.o
                0x0000000000007448                vtable for hwlib::i2c_bus_bit_banged_scl_sda
 .rodata._ZTVN5hwlib33spi_bus_bit_banged_sclk_mosi_misoE
                0x000000000000747c        0xc main.o
                0x000000000000747c                vtable for hwlib::spi_bus_bit_banged_sclk_mosi_miso
 .rodata._ZTVN5hwlib13terminal_fromE
                0x0000000000007488       0x20 main.o
                0x0000000000007488                vtable for hwlib::terminal_from
 .rodata._ZTVN5hwlib16font_default_8x8E
                0x00000000000074a8        0xc main.o
                0x00000000000074a8                vtable for hwlib::font_default_8x8
 .rodata._ZTVN5hwlib29glcd_oled_i2c_128x64_bufferedE
                0x00000000000074b4       0x18 main.o
                0x00000000000074b4                vtable for hwlib::glcd_oled_i2c_128x64_buffered
 .rodata._ZTVN3due6pin_inE
                0x00000000000074cc       0x10 main.o
                0x00000000000074cc                vtable for due::pin_in
 .rodata._ZTVN3due7pin_outE
                0x00000000000074dc       0x10 main.o
                0x00000000000074dc                vtable for due::pin_out
 .rodata._ZTVN3due6pin_ocE
                0x00000000000074ec       0x18 main.o
                0x00000000000074ec                vtable for due::pin_oc
 .rodata._ZTV12HardwareUart
                0x0000000000007504       0x28 main.o
                0x0000000000007504                vtable for HardwareUart
 .rodata._ZN12HardwareUart16uart_has_overrunEv.str1.1
                0x000000000000752c        0x8 main.o
 .rodata._ZN12HardwareUart17uart_has_rx_errorEv.str1.1
                0x0000000000007534        0x8 main.o
                                          0x6 (size before relaxing)
 .rodata._ZN12HardwareUart9avialableEv.str1.1
                0x0000000000007534        0x4 main.o
 .rodata._ZN5hwlibL22ssd1306_initializationE
                0x0000000000007538       0x29 main.o
 *fill*         0x0000000000007561        0x3 
 .rodata.asin.str1.4
                0x0000000000007564        0x5 /usr/bin/../lib/gcc/arm-none-eabi/7.3.1/../../../../arm-none-eabi/lib/thumb/v7-m/libm.a(lib_a-w_asin.o)
                                          0x9 (size before relaxing)
 *fill*         0x0000000000007569        0x3 
 .rodata.sqrt.str1.4
                0x000000000000756c        0x8 /usr/bin/../lib/gcc/arm-none-eabi/7.3.1/../../../../arm-none-eabi/lib/thumb/v7-m/libm.a(lib_a-w_sqrt.o)
                                          0x5 (size before relaxing)
 .rodata.npio2_hw
                0x0000000000007574       0x80 /usr/bin/../lib/gcc/arm-none-eabi/7.3.1/../../../../arm-none-eabi/lib/thumb/v7-m/libm.a(lib_a-e_rem_pio2.o)
 .rodata.two_over_pi
                0x00000000000075f4      0x108 /usr/bin/../lib/gcc/arm-none-eabi/7.3.1/../../../../arm-none-eabi/lib/thumb/v7-m/libm.a(lib_a-e_rem_pio2.o)
 *fill*         0x00000000000076fc        0x4 
 .rodata.PIo2   0x0000000000007700       0x40 /usr/bin/../lib/gcc/arm-none-eabi/7.3.1/../../../../arm-none-eabi/lib/thumb/v7-m/libm.a(lib_a-k_rem_pio2.o)
 .rodata.init_jk
                0x0000000000007740       0x10 /usr/bin/../lib/gcc/arm-none-eabi/7.3.1/../../../../arm-none-eabi/lib/thumb/v7-m/libm.a(lib_a-k_rem_pio2.o)
                0x0000000000007750                . = ALIGN (0x4)
 *(.ARM.extab* .gnu.linkonce.armextab.*)
                0x0000000000007750                . = ALIGN (0x4)
 *(.gcc_except_table)
                0x0000000000007750                . = ALIGN (0x4)
 *(.eh_frame_hdr)
                0x0000000000007750                . = ALIGN (0x4)
 *(.eh_frame)
                0x0000000000007750                . = ALIGN (0x4)
                0x0000000000007750                __text_end = .
                [!provide]                        PROVIDE (__text_end = __text_end)

.vfp11_veneer   0x0000000000007750        0x0
 .vfp11_veneer  0x0000000000007750        0x0 linker stubs

.v4_bx          0x0000000000007750        0x0
 .v4_bx         0x0000000000007750        0x0 linker stubs

.iplt           0x0000000000007750        0x0
 .iplt          0x0000000000007750        0x0 code/src/ov.o

.IF_YOU_SEE_THIS_YOU_HAVE_ONE_OR_MORE_GLOBAL_OBJECT_CONSTRUCTORS
 *(.init)
 *(.preinit_array)
 *(SORT_BY_NAME(.init_array.*))
 *(.init_array)
                0x0000000000007750                . = ALIGN (0x4)
                0x0000000000007750                __exidx_start = .
                [!provide]                        PROVIDE (__exidx_start = __exidx_start)

.ARM.exidx      0x0000000000007750        0x8
 *(.ARM.exidx* .gnu.linkonce.armexidx.*)
 .ARM.exidx     0x0000000000007750        0x8 /usr/bin/../lib/gcc/arm-none-eabi/7.3.1/thumb/v7-m/libgcc.a(_udivmoddi4.o)

.rel.dyn        0x0000000000007758        0x0
 .rel.iplt      0x0000000000007758        0x0 code/src/ov.o
                0x0000000000007758                . = ALIGN (0x4)
                0x0000000000007758                __exidx_end = .
                [!provide]                        PROVIDE (__exidx_end = __exidx_end)

.bss            0x0000000020000000    0x12010
                0x0000000020000000                . = ALIGN (0x4)
                0x0000000020000000                __stack_start = .
                [!provide]                        PROVIDE (__stack_start = __stack_start)
                0x0000000020000000                . = ALIGN (0x4)
 *(.bmptk_stack)
 .bmptk_stack   0x0000000020000000    0x12000 bmptk_fixed_size_stack.o
                0x0000000020000000                bmptk_stack
                0x0000000020012000                . = ALIGN (0x8)
                0x0000000020012000                __main_stack_end = .
                [!provide]                        PROVIDE (__main_stack_end = __main_stack_end)
                0x0000000020012000                . = ALIGN (0x4)
                0x0000000020012000                __stack_end = .
                [!provide]                        PROVIDE (__stack_end = __stack_end)
                0x0000000020012000                . = ALIGN (0x4)
                0x0000000020012000                __bss_start = .
                [!provide]                        PROVIDE (__bss_start = __bss_start)
                0x0000000020012000                . = ALIGN (0x4)
 *(.bss .bss.* .gnu.linkonce.b.*)
 .bss._ZZN3due9now_ticksEvE4high
                0x0000000020012000        0x8 code/src/ov.o
 .bss._ZZN3due9now_ticksEvE8last_low
                0x0000000020012008        0x4 code/src/ov.o
 .bss._ZZN3due9now_ticksEvE9init_done
                0x000000002001200c        0x1 code/src/ov.o
 .bss._ZZN3due9uart_initEvE9init_done
                0x000000002001200d        0x1 hwlib.o
                0x0000000020012010                . = ALIGN (0x4)
 *fill*         0x000000002001200e        0x2 
 *(COMMON)
                0x0000000020012010                . = ALIGN (0x4)
                0x0000000020012010                __bss_end = .
                [!provide]                        PROVIDE (__bss_end = __bss_end)

.data           0x0000000020012010      0x450 load address 0x0000000000007758
                0x0000000020012010                . = ALIGN (0x4)
                0x0000000000007758                __data_init_start = LOADADDR (.data)
                [!provide]                        PROVIDE (__data_init_start = __data_init_start)
                0x0000000020012010                __data_start = .
                [!provide]                        PROVIDE (__data_start = __data_start)
                0x0000000020012010                . = ALIGN (0x4)
 *(.data .data.* .gnu.linkonce.d.*)
 .data._ZN6sam3xa15SystemCoreClockE
                0x0000000020012010        0x4 code/src/ov.o
                0x0000000020012010                sam3xa::SystemCoreClock
 .data._ZN3due7hw_uartE
                0x0000000020012014        0x4 hwlib.o
                0x0000000020012014                due::hw_uart
 .data._ZN5hwlib4coutE
                0x0000000020012018       0x14 hwlib.o
                0x0000000020012018                hwlib::cout
 .data.__fdlib_version
                0x000000002001202c        0x1 /usr/bin/../lib/gcc/arm-none-eabi/7.3.1/../../../../arm-none-eabi/lib/thumb/v7-m/libm.a(lib_a-s_lib_ver.o)
                0x000000002001202c                __fdlib_version
 *fill*         0x000000002001202d        0x3 
 .data._impure_ptr
                0x0000000020012030        0x4 /usr/bin/../lib/gcc/arm-none-eabi/7.3.1/../../../../arm-none-eabi/lib/thumb/v7-m/libc.a(lib_a-impure.o)
                0x0000000020012030                _impure_ptr
 *fill*         0x0000000020012034        0x4 
 .data.impure_data
                0x0000000020012038      0x428 /usr/bin/../lib/gcc/arm-none-eabi/7.3.1/../../../../arm-none-eabi/lib/thumb/v7-m/libc.a(lib_a-impure.o)
                0x0000000020012460                . = ALIGN (0x4)
                0x0000000020012460                __data_end = .
                [!provide]                        PROVIDE (__data_end = __data_end)
                0x0000000000007758                __data_init_end = LOADADDR (.data)
                [!provide]                        PROVIDE (__data_init_end = __data_init_end)
                [!provide]                        PROVIDE (__data_size = (__data_end - __data_start))
                [!provide]                        PROVIDE (__data_init_size = __data_size)
                [!provide]                        PROVIDE (__data_init_end = (__data_init_start + __data_init_size))

.igot.plt       0x0000000020012460        0x0 load address 0x0000000000007ba8
 .igot.plt      0x0000000020012460        0x0 code/src/ov.o
                0x0000000020012460                . = ALIGN (0x4)
                0x0000000020012460                __heap_start = .
                [!provide]                        PROVIDE (__heap_start = __heap_start)
                0x0000000020012460                . = ALIGN (0x4)
                0x0000000020018000                __heap_end = __ram_end
                [!provide]                        PROVIDE (__heap_end = __heap_end)

.stab
 *(.stab)

.stabstr
 *(.stabstr)

.debug
 *(.debug)

.line
 *(.line)

.debug_srcinfo
 *(.debug_srcinfo)

.debug_sfnames
 *(.debug_sfnames)

.debug_aranges
 *(.debug_aranges)

.debug_pubnames
 *(.debug_pubnames)

.debug_info
 *(.debug_info .gnu.linkonce.wi.*)

.debug_abbrev
 *(.debug_abbrev)

.debug_line
 *(.debug_line)

.debug_frame    0x0000000000000000      0x7c4
 *(.debug_frame)
 .debug_frame   0x0000000000000000       0x20 /usr/bin/../lib/gcc/arm-none-eabi/7.3.1/../../../../arm-none-eabi/lib/thumb/v7-m/libm.a(lib_a-asinl.o)
 .debug_frame   0x0000000000000020       0x20 /usr/bin/../lib/gcc/arm-none-eabi/7.3.1/../../../../arm-none-eabi/lib/thumb/v7-m/libm.a(lib_a-cosl.o)
 .debug_frame   0x0000000000000040       0x38 /usr/bin/../lib/gcc/arm-none-eabi/7.3.1/../../../../arm-none-eabi/lib/thumb/v7-m/libm.a(lib_a-s_cos.o)
 .debug_frame   0x0000000000000078       0x20 /usr/bin/../lib/gcc/arm-none-eabi/7.3.1/../../../../arm-none-eabi/lib/thumb/v7-m/libm.a(lib_a-sinl.o)
 .debug_frame   0x0000000000000098       0x20 /usr/bin/../lib/gcc/arm-none-eabi/7.3.1/../../../../arm-none-eabi/lib/thumb/v7-m/libm.a(lib_a-sqrtl.o)
 .debug_frame   0x00000000000000b8       0x3c /usr/bin/../lib/gcc/arm-none-eabi/7.3.1/../../../../arm-none-eabi/lib/thumb/v7-m/libm.a(lib_a-w_asin.o)
 .debug_frame   0x00000000000000f4       0x44 /usr/bin/../lib/gcc/arm-none-eabi/7.3.1/../../../../arm-none-eabi/lib/thumb/v7-m/libm.a(lib_a-w_sqrt.o)
 .debug_frame   0x0000000000000138       0x54 /usr/bin/../lib/gcc/arm-none-eabi/7.3.1/../../../../arm-none-eabi/lib/thumb/v7-m/libm.a(lib_a-e_asin.o)
 .debug_frame   0x000000000000018c       0x48 /usr/bin/../lib/gcc/arm-none-eabi/7.3.1/../../../../arm-none-eabi/lib/thumb/v7-m/libm.a(lib_a-e_rem_pio2.o)
 .debug_frame   0x00000000000001d4       0x30 /usr/bin/../lib/gcc/arm-none-eabi/7.3.1/../../../../arm-none-eabi/lib/thumb/v7-m/libm.a(lib_a-e_sqrt.o)
 .debug_frame   0x0000000000000204       0x4c /usr/bin/../lib/gcc/arm-none-eabi/7.3.1/../../../../arm-none-eabi/lib/thumb/v7-m/libm.a(lib_a-k_cos.o)
 .debug_frame   0x0000000000000250       0x58 /usr/bin/../lib/gcc/arm-none-eabi/7.3.1/../../../../arm-none-eabi/lib/thumb/v7-m/libm.a(lib_a-k_rem_pio2.o)
 .debug_frame   0x00000000000002a8       0x48 /usr/bin/../lib/gcc/arm-none-eabi/7.3.1/../../../../arm-none-eabi/lib/thumb/v7-m/libm.a(lib_a-k_sin.o)
 .debug_frame   0x00000000000002f0       0x20 /usr/bin/../lib/gcc/arm-none-eabi/7.3.1/../../../../arm-none-eabi/lib/thumb/v7-m/libm.a(lib_a-s_fabs.o)
 .debug_frame   0x0000000000000310       0x34 /usr/bin/../lib/gcc/arm-none-eabi/7.3.1/../../../../arm-none-eabi/lib/thumb/v7-m/libm.a(lib_a-s_floor.o)
 .debug_frame   0x0000000000000344       0x20 /usr/bin/../lib/gcc/arm-none-eabi/7.3.1/../../../../arm-none-eabi/lib/thumb/v7-m/libm.a(lib_a-s_matherr.o)
 .debug_frame   0x0000000000000364       0x20 /usr/bin/../lib/gcc/arm-none-eabi/7.3.1/../../../../arm-none-eabi/lib/thumb/v7-m/libm.a(lib_a-s_nan.o)
 .debug_frame   0x0000000000000384       0x30 /usr/bin/../lib/gcc/arm-none-eabi/7.3.1/../../../../arm-none-eabi/lib/thumb/v7-m/libm.a(lib_a-s_scalbn.o)
 .debug_frame   0x00000000000003b4       0x38 /usr/bin/../lib/gcc/arm-none-eabi/7.3.1/../../../../arm-none-eabi/lib/thumb/v7-m/libm.a(lib_a-s_sin.o)
 .debug_frame   0x00000000000003ec       0x20 /usr/bin/../lib/gcc/arm-none-eabi/7.3.1/../../../../arm-none-eabi/lib/thumb/v7-m/libm.a(lib_a-s_copysign.o)
 .debug_frame   0x000000000000040c       0xac /usr/bin/../lib/gcc/arm-none-eabi/7.3.1/thumb/v7-m/libgcc.a(_arm_addsubdf3.o)
 .debug_frame   0x00000000000004b8       0x50 /usr/bin/../lib/gcc/arm-none-eabi/7.3.1/thumb/v7-m/libgcc.a(_arm_muldivdf3.o)
 .debug_frame   0x0000000000000508       0xc4 /usr/bin/../lib/gcc/arm-none-eabi/7.3.1/thumb/v7-m/libgcc.a(_arm_cmpdf2.o)
 .debug_frame   0x00000000000005cc       0x20 /usr/bin/../lib/gcc/arm-none-eabi/7.3.1/thumb/v7-m/libgcc.a(_arm_unorddf2.o)
 .debug_frame   0x00000000000005ec       0x24 /usr/bin/../lib/gcc/arm-none-eabi/7.3.1/thumb/v7-m/libgcc.a(_arm_fixdfsi.o)
 .debug_frame   0x0000000000000610       0x24 /usr/bin/../lib/gcc/arm-none-eabi/7.3.1/thumb/v7-m/libgcc.a(_arm_truncdfsf2.o)
 .debug_frame   0x0000000000000634       0x38 /usr/bin/../lib/gcc/arm-none-eabi/7.3.1/thumb/v7-m/libgcc.a(_arm_muldivsf3.o)
 .debug_frame   0x000000000000066c       0x24 /usr/bin/../lib/gcc/arm-none-eabi/7.3.1/thumb/v7-m/libgcc.a(_arm_fixunssfsi.o)
 .debug_frame   0x0000000000000690       0x44 /usr/bin/../lib/gcc/arm-none-eabi/7.3.1/thumb/v7-m/libgcc.a(_aeabi_ldivmod.o)
 .debug_frame   0x00000000000006d4       0x2c /usr/bin/../lib/gcc/arm-none-eabi/7.3.1/thumb/v7-m/libgcc.a(_aeabi_uldivmod.o)
 .debug_frame   0x0000000000000700       0x34 /usr/bin/../lib/gcc/arm-none-eabi/7.3.1/thumb/v7-m/libgcc.a(_udivmoddi4.o)
 .debug_frame   0x0000000000000734       0x20 /usr/bin/../lib/gcc/arm-none-eabi/7.3.1/../../../../arm-none-eabi/lib/thumb/v7-m/libc.a(lib_a-errno.o)
 .debug_frame   0x0000000000000754       0x38 /usr/bin/../lib/gcc/arm-none-eabi/7.3.1/../../../../arm-none-eabi/lib/thumb/v7-m/libc.a(lib_a-memcmp.o)
 .debug_frame   0x000000000000078c       0x38 /usr/bin/../lib/gcc/arm-none-eabi/7.3.1/../../../../arm-none-eabi/lib/thumb/v7-m/libc.a(lib_a-memset.o)

.comment        0x0000000000000000       0x7f
 .comment       0x0000000000000000       0x7f code/src/ov.o
                                         0x80 (size before relaxing)
 .comment       0x000000000000007f       0x80 code/src/train_ov.o
 .comment       0x000000000000007f       0x80 ../code/src/interface.o
 .comment       0x000000000000007f       0x80 ../code/src/pn532.o
 .comment       0x000000000000007f       0x80 ../code/src/pn532Oled.o
 .comment       0x000000000000007f       0x80 ../code/src/pn532Command.o
 .comment       0x000000000000007f       0x80 ../code/src/mifareClassic.o
 .comment       0x000000000000007f       0x80 hwlib.o
 .comment       0x000000000000007f       0x80 main.o
 .comment       0x000000000000007f       0x80 bmptk_cortex.o
 .comment       0x000000000000007f       0x80 bmptk_fixed_size_stack.o

.debug_str
 *(.debug_str)

.debug_loc
 *(.debug_loc)

.debug_macinfo
 *(.debug_macinfo)

.debug_weaknames
 *(.debug_weaknames)

.debug_funcnames
 *(.debug_funcnames)

.debug_typenames
 *(.debug_typenames)

.debug_varnames
 *(.debug_varnames)

.note.gnu.arm.ident
 *(.note.gnu.arm.ident)

.ARM.attributes
                0x0000000000000000       0x31
 *(.ARM.attributes)
 .ARM.attributes
                0x0000000000000000       0x33 code/src/ov.o
 .ARM.attributes
                0x0000000000000033       0x33 code/src/train_ov.o
 .ARM.attributes
                0x0000000000000066       0x33 ../code/src/interface.o
 .ARM.attributes
                0x0000000000000099       0x33 ../code/src/pn532.o
 .ARM.attributes
                0x00000000000000cc       0x33 ../code/src/pn532Oled.o
 .ARM.attributes
                0x00000000000000ff       0x33 ../code/src/pn532Command.o
 .ARM.attributes
                0x0000000000000132       0x33 ../code/src/mifareClassic.o
 .ARM.attributes
                0x0000000000000165       0x33 hwlib.o
 .ARM.attributes
                0x0000000000000198       0x33 main.o
 .ARM.attributes
                0x00000000000001cb       0x33 bmptk_cortex.o
 .ARM.attributes
                0x00000000000001fe       0x33 bmptk_heap_none.o
 .ARM.attributes
                0x0000000000000231       0x33 bmptk_fixed_size_stack.o
 .ARM.attributes
                0x0000000000000264       0x2d /usr/bin/../lib/gcc/arm-none-eabi/7.3.1/../../../../arm-none-eabi/lib/thumb/v7-m/libm.a(lib_a-asinl.o)
 .ARM.attributes
                0x0000000000000291       0x2d /usr/bin/../lib/gcc/arm-none-eabi/7.3.1/../../../../arm-none-eabi/lib/thumb/v7-m/libm.a(lib_a-cosl.o)
 .ARM.attributes
                0x00000000000002be       0x2d /usr/bin/../lib/gcc/arm-none-eabi/7.3.1/../../../../arm-none-eabi/lib/thumb/v7-m/libm.a(lib_a-s_cos.o)
 .ARM.attributes
                0x00000000000002eb       0x2d /usr/bin/../lib/gcc/arm-none-eabi/7.3.1/../../../../arm-none-eabi/lib/thumb/v7-m/libm.a(lib_a-sinl.o)
 .ARM.attributes
                0x0000000000000318       0x2d /usr/bin/../lib/gcc/arm-none-eabi/7.3.1/../../../../arm-none-eabi/lib/thumb/v7-m/libm.a(lib_a-sqrtl.o)
 .ARM.attributes
                0x0000000000000345       0x2d /usr/bin/../lib/gcc/arm-none-eabi/7.3.1/../../../../arm-none-eabi/lib/thumb/v7-m/libm.a(lib_a-w_asin.o)
 .ARM.attributes
                0x0000000000000372       0x2d /usr/bin/../lib/gcc/arm-none-eabi/7.3.1/../../../../arm-none-eabi/lib/thumb/v7-m/libm.a(lib_a-w_sqrt.o)
 .ARM.attributes
                0x000000000000039f       0x2d /usr/bin/../lib/gcc/arm-none-eabi/7.3.1/../../../../arm-none-eabi/lib/thumb/v7-m/libm.a(lib_a-e_asin.o)
 .ARM.attributes
                0x00000000000003cc       0x2d /usr/bin/../lib/gcc/arm-none-eabi/7.3.1/../../../../arm-none-eabi/lib/thumb/v7-m/libm.a(lib_a-e_rem_pio2.o)
 .ARM.attributes
                0x00000000000003f9       0x2d /usr/bin/../lib/gcc/arm-none-eabi/7.3.1/../../../../arm-none-eabi/lib/thumb/v7-m/libm.a(lib_a-e_sqrt.o)
 .ARM.attributes
                0x0000000000000426       0x2d /usr/bin/../lib/gcc/arm-none-eabi/7.3.1/../../../../arm-none-eabi/lib/thumb/v7-m/libm.a(lib_a-k_cos.o)
 .ARM.attributes
                0x0000000000000453       0x2d /usr/bin/../lib/gcc/arm-none-eabi/7.3.1/../../../../arm-none-eabi/lib/thumb/v7-m/libm.a(lib_a-k_rem_pio2.o)
 .ARM.attributes
                0x0000000000000480       0x2d /usr/bin/../lib/gcc/arm-none-eabi/7.3.1/../../../../arm-none-eabi/lib/thumb/v7-m/libm.a(lib_a-k_sin.o)
 .ARM.attributes
                0x00000000000004ad       0x2d /usr/bin/../lib/gcc/arm-none-eabi/7.3.1/../../../../arm-none-eabi/lib/thumb/v7-m/libm.a(lib_a-s_fabs.o)
 .ARM.attributes
                0x00000000000004da       0x2d /usr/bin/../lib/gcc/arm-none-eabi/7.3.1/../../../../arm-none-eabi/lib/thumb/v7-m/libm.a(lib_a-s_floor.o)
 .ARM.attributes
                0x0000000000000507       0x2d /usr/bin/../lib/gcc/arm-none-eabi/7.3.1/../../../../arm-none-eabi/lib/thumb/v7-m/libm.a(lib_a-s_lib_ver.o)
 .ARM.attributes
                0x0000000000000534       0x2d /usr/bin/../lib/gcc/arm-none-eabi/7.3.1/../../../../arm-none-eabi/lib/thumb/v7-m/libm.a(lib_a-s_matherr.o)
 .ARM.attributes
                0x0000000000000561       0x2d /usr/bin/../lib/gcc/arm-none-eabi/7.3.1/../../../../arm-none-eabi/lib/thumb/v7-m/libm.a(lib_a-s_nan.o)
 .ARM.attributes
                0x000000000000058e       0x2d /usr/bin/../lib/gcc/arm-none-eabi/7.3.1/../../../../arm-none-eabi/lib/thumb/v7-m/libm.a(lib_a-s_scalbn.o)
 .ARM.attributes
                0x00000000000005bb       0x2d /usr/bin/../lib/gcc/arm-none-eabi/7.3.1/../../../../arm-none-eabi/lib/thumb/v7-m/libm.a(lib_a-s_sin.o)
 .ARM.attributes
                0x00000000000005e8       0x2d /usr/bin/../lib/gcc/arm-none-eabi/7.3.1/../../../../arm-none-eabi/lib/thumb/v7-m/libm.a(lib_a-s_copysign.o)
 .ARM.attributes
                0x0000000000000615       0x1d /usr/bin/../lib/gcc/arm-none-eabi/7.3.1/thumb/v7-m/libgcc.a(_arm_addsubdf3.o)
 .ARM.attributes
                0x0000000000000632       0x1d /usr/bin/../lib/gcc/arm-none-eabi/7.3.1/thumb/v7-m/libgcc.a(_arm_muldivdf3.o)
 .ARM.attributes
                0x000000000000064f       0x1d /usr/bin/../lib/gcc/arm-none-eabi/7.3.1/thumb/v7-m/libgcc.a(_arm_cmpdf2.o)
 .ARM.attributes
                0x000000000000066c       0x1d /usr/bin/../lib/gcc/arm-none-eabi/7.3.1/thumb/v7-m/libgcc.a(_arm_unorddf2.o)
 .ARM.attributes
                0x0000000000000689       0x1d /usr/bin/../lib/gcc/arm-none-eabi/7.3.1/thumb/v7-m/libgcc.a(_arm_fixdfsi.o)
 .ARM.attributes
                0x00000000000006a6       0x1d /usr/bin/../lib/gcc/arm-none-eabi/7.3.1/thumb/v7-m/libgcc.a(_arm_truncdfsf2.o)
 .ARM.attributes
                0x00000000000006c3       0x1d /usr/bin/../lib/gcc/arm-none-eabi/7.3.1/thumb/v7-m/libgcc.a(_arm_muldivsf3.o)
 .ARM.attributes
                0x00000000000006e0       0x1d /usr/bin/../lib/gcc/arm-none-eabi/7.3.1/thumb/v7-m/libgcc.a(_arm_fixunssfsi.o)
 .ARM.attributes
                0x00000000000006fd       0x1d /usr/bin/../lib/gcc/arm-none-eabi/7.3.1/thumb/v7-m/libgcc.a(_aeabi_ldivmod.o)
 .ARM.attributes
                0x000000000000071a       0x1d /usr/bin/../lib/gcc/arm-none-eabi/7.3.1/thumb/v7-m/libgcc.a(_aeabi_uldivmod.o)
 .ARM.attributes
                0x0000000000000737       0x2d /usr/bin/../lib/gcc/arm-none-eabi/7.3.1/thumb/v7-m/libgcc.a(_udivmoddi4.o)
 .ARM.attributes
                0x0000000000000764       0x1d /usr/bin/../lib/gcc/arm-none-eabi/7.3.1/thumb/v7-m/libgcc.a(_dvmd_tls.o)
 .ARM.attributes
                0x0000000000000781       0x2d /usr/bin/../lib/gcc/arm-none-eabi/7.3.1/../../../../arm-none-eabi/lib/thumb/v7-m/libc.a(lib_a-errno.o)
 .ARM.attributes
                0x00000000000007ae       0x2d /usr/bin/../lib/gcc/arm-none-eabi/7.3.1/../../../../arm-none-eabi/lib/thumb/v7-m/libc.a(lib_a-impure.o)
 .ARM.attributes
                0x00000000000007db       0x2d /usr/bin/../lib/gcc/arm-none-eabi/7.3.1/../../../../arm-none-eabi/lib/thumb/v7-m/libc.a(lib_a-memcmp.o)
 .ARM.attributes
                0x0000000000000808       0x1b /usr/bin/../lib/gcc/arm-none-eabi/7.3.1/../../../../arm-none-eabi/lib/thumb/v7-m/libc.a(lib_a-memcpy.o)
 .ARM.attributes
                0x0000000000000823       0x2d /usr/bin/../lib/gcc/arm-none-eabi/7.3.1/../../../../arm-none-eabi/lib/thumb/v7-m/libc.a(lib_a-memset.o)

/DISCARD/
 *(.note.GNU-stack)
                [!provide]                        PROVIDE (__text_size = (__text_end - __text_start))
                [!provide]                        PROVIDE (__exidx_size = (__exidx_end - __exidx_start))
                [!provide]                        PROVIDE (__bss_size = (__bss_end - __bss_start))
                [!provide]                        PROVIDE (__stack_size = (__stack_end - __stack_start))
                [!provide]                        PROVIDE (__heap_size = (__heap_end - __heap_start))
OUTPUT(main.elf elf32-littlearm)
