Archive member included to satisfy reference by file (symbol)

/usr/bin/../lib/gcc/arm-none-eabi/7.3.1/thumb/v7-m/libgcc.a(_aeabi_uldivmod.o)
                              hwlib.o (__aeabi_uldivmod)
/usr/bin/../lib/gcc/arm-none-eabi/7.3.1/thumb/v7-m/libgcc.a(_udivmoddi4.o)
                              /usr/bin/../lib/gcc/arm-none-eabi/7.3.1/thumb/v7-m/libgcc.a(_aeabi_uldivmod.o) (__udivmoddi4)
/usr/bin/../lib/gcc/arm-none-eabi/7.3.1/thumb/v7-m/libgcc.a(_dvmd_tls.o)
                              /usr/bin/../lib/gcc/arm-none-eabi/7.3.1/thumb/v7-m/libgcc.a(_aeabi_uldivmod.o) (__aeabi_ldiv0)
/usr/bin/../lib/gcc/arm-none-eabi/7.3.1/../../../../arm-none-eabi/lib/thumb/v7-m/libc.a(lib_a-memcpy.o)
                              ../../code/src/pn532.o (memcpy)
/usr/bin/../lib/gcc/arm-none-eabi/7.3.1/../../../../arm-none-eabi/lib/thumb/v7-m/libc.a(lib_a-memset.o)
                              ../../code/src/pn532.o (memset)

Allocating common symbols
Common symbol       size              file

__dso_handle        0x4               bmptk_cortex.o

Discarded input sections

 .group         0x0000000000000000        0x8 ../../code/src/pn532Oled.o
 .group         0x0000000000000000        0xc ../../code/src/pn532Oled.o
 .group         0x0000000000000000        0xc ../../code/src/pn532Oled.o
 .group         0x0000000000000000        0xc ../../code/src/pn532Oled.o
 .text          0x0000000000000000        0x0 ../../code/src/pn532Oled.o
 .data          0x0000000000000000        0x0 ../../code/src/pn532Oled.o
 .bss           0x0000000000000000        0x0 ../../code/src/pn532Oled.o
 .text._ZN3due11ad_pin_infoENS_7ad_pinsE
                0x0000000000000000       0x1c ../../code/src/pn532Oled.o
 .text._ZN3due11ad_seq_infoEm
                0x0000000000000000       0x20 ../../code/src/pn532Oled.o
 .text._ZN5hwlib19uart_char_availableEv
                0x0000000000000000        0x4 ../../code/src/pn532Oled.o
 .text._ZN5hwlib9uart_getcEv
                0x0000000000000000        0x4 ../../code/src/pn532Oled.o
 .rodata._ZZN3due11ad_pin_infoENS_7ad_pinsEE17ad_pin_info_array
                0x0000000000000000        0xc ../../code/src/pn532Oled.o
 .rodata._ZZN3due11ad_seq_infoEmE12ad_seq_array
                0x0000000000000000       0x70 ../../code/src/pn532Oled.o
 .group         0x0000000000000000        0x8 ../../code/src/interface.o
 .group         0x0000000000000000        0x8 ../../code/src/interface.o
 .group         0x0000000000000000        0x8 ../../code/src/interface.o
 .group         0x0000000000000000        0x8 ../../code/src/interface.o
 .group         0x0000000000000000        0xc ../../code/src/interface.o
 .group         0x0000000000000000        0xc ../../code/src/interface.o
 .text          0x0000000000000000        0x0 ../../code/src/interface.o
 .data          0x0000000000000000        0x0 ../../code/src/interface.o
 .bss           0x0000000000000000        0x0 ../../code/src/interface.o
 .text._ZN6sam3xa10SystemInitEv
                0x0000000000000000       0x7c ../../code/src/interface.o
 .text._ZN3due8pin_infoENS_4pinsE
                0x0000000000000000       0x20 ../../code/src/interface.o
 .text._ZN3due11ad_pin_infoENS_7ad_pinsE
                0x0000000000000000       0x1c ../../code/src/interface.o
 .text._ZN3due11ad_seq_infoEm
                0x0000000000000000       0x20 ../../code/src/interface.o
 .text._ZN3due14port_registersEm
                0x0000000000000000       0x54 ../../code/src/interface.o
 .text._ZN3due12ticks_per_usEv
                0x0000000000000000        0x6 ../../code/src/interface.o
 .text._ZN3due9now_ticksEv
                0x0000000000000000       0x80 ../../code/src/interface.o
 .text._ZN5hwlib9uart_putcEc
                0x0000000000000000        0x4 ../../code/src/interface.o
 .text._ZN5hwlib19uart_char_availableEv
                0x0000000000000000        0x4 ../../code/src/interface.o
 .text._ZN5hwlib9uart_getcEv
                0x0000000000000000        0x4 ../../code/src/interface.o
 .bss._ZZN3due9now_ticksEvE4high
                0x0000000000000000        0x8 ../../code/src/interface.o
 .bss._ZZN3due9now_ticksEvE8last_low
                0x0000000000000000        0x4 ../../code/src/interface.o
 .bss._ZZN3due9now_ticksEvE9init_done
                0x0000000000000000        0x1 ../../code/src/interface.o
 .data._ZN6sam3xa15SystemCoreClockE
                0x0000000000000000        0x4 ../../code/src/interface.o
 .rodata._ZN3due8pin_infoENS_4pinsE.str1.1
                0x0000000000000000       0x5e ../../code/src/interface.o
 .rodata._ZZN3due11ad_pin_infoENS_7ad_pinsEE17ad_pin_info_array
                0x0000000000000000        0xc ../../code/src/interface.o
 .rodata._ZZN3due11ad_seq_infoEmE12ad_seq_array
                0x0000000000000000       0x70 ../../code/src/interface.o
 .rodata._ZZN3due8pin_infoENS_4pinsEE14pin_info_array
                0x0000000000000000       0xa4 ../../code/src/interface.o
 .group         0x0000000000000000        0x8 ../../code/src/pn532.o
[...]
Memory Configuration

Name             Origin             Length             Attributes
rom              0x0000000000000000 0x0000000000080000 xr
ram              0x0000000020000000 0x0000000000018000 xrw
nul              0x0000000020018000 0x0000000000000000 xrw
*default*        0x0000000000000000 0xffffffffffffffff

Linker script and memory map

LOAD /usr/bin/../lib/gcc/arm-none-eabi/7.3.1/thumb/v7-m/libgcc.a
LOAD ../../code/src/pn532Oled.o
LOAD ../../code/src/interface.o
LOAD ../../code/src/pn532.o
LOAD ../../code/src/pn532Command.o
LOAD ../../code/src/mifareClassic.o
LOAD hwlib.o
LOAD main.o
LOAD bmptk_cortex.o
LOAD bmptk_heap_none.o
LOAD bmptk_fixed_size_stack.o
LOAD /usr/bin/../lib/gcc/arm-none-eabi/7.3.1/../../../../arm-none-eabi/lib/thumb/v7-m/libm.a
LOAD /usr/bin/../lib/gcc/arm-none-eabi/7.3.1/thumb/v7-m/libgcc.a
LOAD /usr/bin/../lib/gcc/arm-none-eabi/7.3.1/../../../../arm-none-eabi/lib/thumb/v7-m/libc.a
                0x0000000000000000                __rom_start = ORIGIN (rom)
                0x0000000000080000                __rom_size = LENGTH (rom)
                0x0000000000080000                __rom_end = (__rom_start + __rom_size)
                0x0000000020000000                __ram_start = ORIGIN (ram)
                0x0000000000018000                __ram_size = LENGTH (ram)
                0x0000000020018000                __ram_end = (__ram_start + __ram_size)
                [!provide]                        PROVIDE (__rom_start = __rom_start)
                [!provide]                        PROVIDE (__rom_size = __rom_size)
                [!provide]                        PROVIDE (__rom_end = __rom_end)
                [!provide]                        PROVIDE (__ram_start = __ram_start)
                [!provide]                        PROVIDE (__ram_size = __ram_size)
                [!provide]                        PROVIDE (__ram_end = __ram_end)

.text           0x0000000000000000     0x3bb4
                0x0000000000000000                . = ALIGN (0x4)
                0x0000000000000000                __text_start = .
                [!provide]                        PROVIDE (__text_start = __text_start)
                0x0000000000000000                . = ALIGN (0x4)
 *(.vectors)
 .vectors       0x0000000000000000       0x20 bmptk_cortex.o
                0x0000000000000000                __vectors
                0x0000000000000020                . = ALIGN (0x4)
 *(.text .text.* .gnu.linkonce.t.*)
 .text._ZN3nfc7NfcOled8sendDataEPhh
                0x0000000000000020        0x8 ../../code/src/pn532Oled.o
                0x0000000000000020                nfc::NfcOled::sendData(unsigned char*, unsigned char)
 .text._ZN3nfc7NfcOled7getDataEPhh
                0x0000000000000028        0x8 ../../code/src/pn532Oled.o
                0x0000000000000028                nfc::NfcOled::getData(unsigned char*, unsigned char)
 .text._ZN3nfc7NfcOled13writeRegisterEth
                0x0000000000000030        0x8 ../../code/src/pn532Oled.o
                0x0000000000000030                nfc::NfcOled::writeRegister(unsigned short, unsigned char)
 .text._ZN3nfc7NfcOled12readRegisterEt
                0x0000000000000038        0xc ../../code/src/pn532Oled.o
                0x0000000000000038                nfc::NfcOled::readRegister(unsigned short)
 .text._ZN3nfc7NfcOled9writeGPIOEh
                0x0000000000000044        0x8 ../../code/src/pn532Oled.o
                0x0000000000000044                nfc::NfcOled::writeGPIO(unsigned char)
 .text._ZN3nfc7NfcOled8readGPIOEv
                0x000000000000004c        0xc ../../code/src/pn532Oled.o
                0x000000000000004c                nfc::NfcOled::readGPIO()
 .text._ZN3nfc7NfcOled11waitForChipEi
                0x0000000000000058        0x8 ../../code/src/pn532Oled.o
                0x0000000000000058                nfc::NfcOled::waitForChip(int)
 .text._ZN3nfc7NfcOled8checkAckEPKhh
                0x0000000000000060        0x8 ../../code/src/pn532Oled.o
                0x0000000000000060                nfc::NfcOled::checkAck(unsigned char const*, unsigned char)
 .text._ZN3nfc7NfcOled22sendCommandAndCheckAckER16setupSendCommand
                0x0000000000000068       0x10 ../../code/src/pn532Oled.o
                0x0000000000000068                nfc::NfcOled::sendCommandAndCheckAck(setupSendCommand&)
 .text._ZN3nfc7NfcOled10selectCardEv
                0x0000000000000078        0x4 ../../code/src/pn532Oled.o
                0x0000000000000078                nfc::NfcOled::selectCard()
 .text._ZN3nfc7NfcOled17setSerialBaudrateENS_8baudRateE
                0x000000000000007c        0x8 ../../code/src/pn532Oled.o
                0x000000000000007c                nfc::NfcOled::setSerialBaudrate(nfc::baudRate)
 .text._ZN3nfc7NfcOled14mifareReadPageER4cardhh
                0x0000000000000084        0xe ../../code/src/pn532Oled.o
                0x0000000000000084                nfc::NfcOled::mifareReadPage(card&, unsigned char, unsigned char)
 .text._ZN3nfc7NfcOled15mifareWritePageER4cardhhPKc
                0x0000000000000092        0xe ../../code/src/pn532Oled.o
                0x0000000000000092                nfc::NfcOled::mifareWritePage(card&, unsigned char, unsigned char, char const*)
 .text._ZN3nfc7NfcOled15mifareIncrementER4cardhNS_14mifareCommandsEhhPKhm
                0x00000000000000a0       0x1a ../../code/src/pn532Oled.o
                0x00000000000000a0                nfc::NfcOled::mifareIncrement(card&, unsigned char, nfc::mifareCommands, unsigned char, unsigned char, unsigned char const*, unsigned long)
 .text._ZN3nfc7NfcOled14mifareTransferER4cardhNS_14mifareCommandsEhhPKh
                0x00000000000000ba       0x1a ../../code/src/pn532Oled.o
                0x00000000000000ba                nfc::NfcOled::mifareTransfer(card&, unsigned char, nfc::mifareCommands, unsigned char, unsigned char, unsigned char const*)
 .text._ZN3nfc7NfcOled15mifareDecrementER4cardhNS_14mifareCommandsEhhPKhm
                0x00000000000000d4       0x1a ../../code/src/pn532Oled.o
                0x00000000000000d4                nfc::NfcOled::mifareDecrement(card&, unsigned char, nfc::mifareCommands, unsigned char, unsigned char, unsigned char const*, unsigned long)
 .text._ZN5hwliblsERNS_7ostreamENS_6_flushE.isra.2
                0x00000000000000ee        0xe ../../code/src/pn532Oled.o
 .text._ZN5hwlib7ostreamlsEc
                0x00000000000000fc        0xe ../../code/src/pn532Oled.o
                0x00000000000000fc                hwlib::ostream::operator<<(char)
 .text._ZN5hwliblsERNS_7ostreamEPKc
                0x000000000000010a       0x66 ../../code/src/pn532Oled.o
                0x000000000000010a                hwlib::operator<<(hwlib::ostream&, char const*)
 .text._ZN3nfc7NfcOled4initEv
                0x0000000000000170       0x34 ../../code/src/pn532Oled.o
                0x0000000000000170                nfc::NfcOled::init()
 .text._ZN3nfc7NfcOled15performSelftestEv
                0x00000000000001a4       0x54 ../../code/src/pn532Oled.o
                0x00000000000001a4                nfc::NfcOled::performSelftest()
 .text._ZN3nfc7NfcOled16SAMConfigurationEh
                0x00000000000001f8       0x44 ../../code/src/pn532Oled.o
                0x00000000000001f8                nfc::NfcOled::SAMConfiguration(unsigned char)
 .text._ZN3nfc7NfcOled7RFFieldEb
                0x000000000000023c       0x40 ../../code/src/pn532Oled.o
                0x000000000000023c                nfc::NfcOled::RFField(bool)
 .text._ZN3nfc7NfcOled13setMaxRetriesEh
                0x000000000000027c       0x44 ../../code/src/pn532Oled.o
                0x000000000000027c                nfc::NfcOled::setMaxRetries(unsigned char)
 .text._ZN3nfc7NfcOled10detectCardER4cardhh
                0x00000000000002c0       0x50 ../../code/src/pn532Oled.o
                0x00000000000002c0                nfc::NfcOled::detectCard(card&, unsigned char, unsigned char)
 .text._ZN3nfc7NfcOled18mifareAuthenticateER4cardhNS_14mifareCommandsEhPKh
                0x0000000000000310       0x3c ../../code/src/pn532Oled.o
                0x0000000000000310                nfc::NfcOled::mifareAuthenticate(card&, unsigned char, nfc::mifareCommands, unsigned char, unsigned char const*)
 .text._ZN3nfc7NfcOled14mifareReadCardER4cardhNS_14mifareCommandsERKNS_8cardKeysE
                0x000000000000034c       0x5c ../../code/src/pn532Oled.o
                0x000000000000034c                nfc::NfcOled::mifareReadCard(card&, unsigned char, nfc::mifareCommands, nfc::cardKeys const&)
 .text._ZN3nfc7NfcOled20mifareMakeValueBlockER4cardhNS_14mifareCommandsEhhPKh
                0x00000000000003a8       0x74 ../../code/src/pn532Oled.o
                0x00000000000003a8                nfc::NfcOled::mifareMakeValueBlock(card&, unsigned char, nfc::mifareCommands, unsigned char, unsigned char, unsigned char const*)
 .text._ZN5hwliblsERNS_7ostreamEi
                0x000000000000041c       0xce ../../code/src/pn532Oled.o
                0x000000000000041c                hwlib::operator<<(hwlib::ostream&, int)
 *fill*         0x00000000000004ea        0x2 
 .text._ZN3nfc7NfcOled16getGeneralStatusEv
                0x00000000000004ec       0xb0 ../../code/src/pn532Oled.o
                0x00000000000004ec                nfc::NfcOled::getGeneralStatus()
 .text._ZN3nfc7NfcOled18getFirmwareVersionEv
                0x000000000000059c       0xbc ../../code/src/pn532Oled.o
                0x000000000000059c                nfc::NfcOled::getFirmwareVersion()
 .text._ZN6sam3xa10SystemInitEv
                0x0000000000000658       0x7c ../../code/src/pn532Oled.o
                0x0000000000000658                sam3xa::SystemInit()
 .text._ZN3due8pin_infoENS_4pinsE
                0x00000000000006d4       0x20 ../../code/src/pn532Oled.o
                0x00000000000006d4                due::pin_info(due::pins)
 .text._ZN3due14port_registersEm
                0x00000000000006f4       0x54 ../../code/src/pn532Oled.o
                0x00000000000006f4                due::port_registers(unsigned long)
 .text._ZN3due12ticks_per_usEv
                0x0000000000000748        0x6 ../../code/src/pn532Oled.o
                0x0000000000000748                due::ticks_per_us()
 *fill*         0x000000000000074e        0x2 
 .text._ZN3due9now_ticksEv
                0x0000000000000750       0x80 ../../code/src/pn532Oled.o
                0x0000000000000750                due::now_ticks()
 .text._ZN5hwlib9uart_putcEc
                0x00000000000007d0        0x4 ../../code/src/pn532Oled.o
                0x00000000000007d0                hwlib::uart_putc(char)
 .text._ZN3nfc7NfcOledC2ERNS_3NFCERN5hwlib13terminal_fromERN13communication8protocolE
                0x00000000000007d4       0x1c ../../code/src/pn532Oled.o
                0x00000000000007d4                nfc::NfcOled::NfcOled(nfc::NFC&, hwlib::terminal_from&, communication::protocol&)
                0x00000000000007d4                nfc::NfcOled::NfcOled(nfc::NFC&, hwlib::terminal_from&, communication::protocol&)
 .text._ZN13communication8protocol14endTransactionEv
                0x00000000000007f0        0x2 ../../code/src/interface.o
                0x00000000000007f0                communication::protocol::endTransaction()
 .text._ZN13communication3i2c11receiveDataEPhh
                0x00000000000007f2       0x50 ../../code/src/interface.o
                0x00000000000007f2                communication::i2c::receiveData(unsigned char*, unsigned char)
 .text._ZN13communication4uart6wakeUpEv
                0x0000000000000842       0x20 ../../code/src/interface.o
                0x0000000000000842                communication::uart::wakeUp()
 .text._ZN13communication4uart8sendDataEPhh
                0x0000000000000862       0x20 ../../code/src/interface.o
                0x0000000000000862                communication::uart::sendData(unsigned char*, unsigned char)
 .text._ZN13communication3spi6wakeUpEv
                0x0000000000000882       0x32 ../../code/src/interface.o
                0x0000000000000882                communication::spi::wakeUp()
 .text._ZN5hwlib21pin_direct_from_out_t5writeEb
                0x00000000000008b4       0x18 ../../code/src/interface.o
                0x00000000000008b4                hwlib::pin_direct_from_out_t::write(bool)
 .text._ZN5hwlib21i2c_write_transactionC2ERNS_14i2c_primitivesEj
                0x00000000000008cc       0x24 ../../code/src/interface.o
                0x00000000000008cc                hwlib::i2c_write_transaction::i2c_write_transaction(hwlib::i2c_primitives&, unsigned int)
                0x00000000000008cc                hwlib::i2c_write_transaction::i2c_write_transaction(hwlib::i2c_primitives&, unsigned int)
 .text._ZN5hwlib21i2c_write_transactionD2Ev
                0x00000000000008f0       0x18 ../../code/src/interface.o
                0x00000000000008f0                hwlib::i2c_write_transaction::~i2c_write_transaction()
                0x00000000000008f0                hwlib::i2c_write_transaction::~i2c_write_transaction()
 .text._ZN13communication3i2c6wakeUpEv
                0x0000000000000908       0x2e ../../code/src/interface.o
                0x0000000000000908                communication::i2c::wakeUp()
 .text._ZN13communication3i2c8sendDataEPhh
                0x0000000000000936       0x28 ../../code/src/interface.o
                0x0000000000000936                communication::i2c::sendData(unsigned char*, unsigned char)
 .text._ZN5hwlib7spi_bus15spi_transactionC2ERS0_RNS_7pin_outE
                0x000000000000095e       0x1e ../../code/src/interface.o
                0x000000000000095e                hwlib::spi_bus::spi_transaction::spi_transaction(hwlib::spi_bus&, hwlib::pin_out&)
                0x000000000000095e                hwlib::spi_bus::spi_transaction::spi_transaction(hwlib::spi_bus&, hwlib::pin_out&)
 .text._ZN13communication3spi8sendDataEPhh
                0x000000000000097c       0x44 ../../code/src/interface.o
                0x000000000000097c                communication::spi::sendData(unsigned char*, unsigned char)
 .text._ZN13communication3spi11receiveDataEPhh
                0x00000000000009c0       0x46 ../../code/src/interface.o
                0x00000000000009c0                communication::spi::receiveData(unsigned char*, unsigned char)
 .text._ZN13communication3spi14endTransactionEv
                0x0000000000000a06       0x1a ../../code/src/interface.o
                0x0000000000000a06                communication::spi::endTransaction()
 .text._ZN13communication4uart11receiveDataEPhh
                0x0000000000000a20       0x8c ../../code/src/interface.o
                0x0000000000000a20                communication::uart::receiveData(unsigned char*, unsigned char)
 .text._ZN13communication3i2cC2EjRN5hwlib7i2c_busERNS1_6pin_inE
                0x0000000000000aac       0x14 ../../code/src/interface.o
                0x0000000000000aac                communication::i2c::i2c(unsigned int, hwlib::i2c_bus&, hwlib::pin_in&)
                0x0000000000000aac                communication::i2c::i2c(unsigned int, hwlib::i2c_bus&, hwlib::pin_in&)
 .text._ZN13communication3spiC2ERN5hwlib7spi_busERNS1_7pin_outERNS1_6pin_inE
                0x0000000000000ac0       0x14 ../../code/src/interface.o
                0x0000000000000ac0                communication::spi::spi(hwlib::spi_bus&, hwlib::pin_out&, hwlib::pin_in&)
                0x0000000000000ac0                communication::spi::spi(hwlib::spi_bus&, hwlib::pin_out&, hwlib::pin_in&)
 .text._ZN13communication4uartC2ER13uart_abstract
                0x0000000000000ad4       0x18 ../../code/src/interface.o
                0x0000000000000ad4                communication::uart::uart(uart_abstract&)
                0x0000000000000ad4                communication::uart::uart(uart_abstract&)
 .text._ZN3nfc10PN532_chip10selectCardEv
                0x0000000000000aec        0x4 ../../code/src/pn532.o
                0x0000000000000aec                nfc::PN532_chip::selectCard()
 .text._ZN3nfc10PN532_chip4initEv
                0x0000000000000af0        0x8 ../../code/src/pn532.o
                0x0000000000000af0                nfc::PN532_chip::init()
 .text._ZN3nfc10PN532_chip8sendDataEPhh
                0x0000000000000af8       0x28 ../../code/src/pn532.o
                0x0000000000000af8                nfc::PN532_chip::sendData(unsigned char*, unsigned char)
 .text._ZN3nfc10PN532_chip7getDataEPhh
                0x0000000000000b20        0x8 ../../code/src/pn532.o
                0x0000000000000b20                nfc::PN532_chip::getData(unsigned char*, unsigned char)
 .text._ZN3nfc10PN532_chip13writeRegisterEth
                0x0000000000000b28       0x48 ../../code/src/pn532.o
                0x0000000000000b28                nfc::PN532_chip::writeRegister(unsigned short, unsigned char)
 .text._ZN3nfc10PN532_chip9writeGPIOEh
                0x0000000000000b70       0x44 ../../code/src/pn532.o
                0x0000000000000b70                nfc::PN532_chip::writeGPIO(unsigned char)
 .text._ZN3nfc10PN532_chip15performSelftestEv
                0x0000000000000bb4       0x68 ../../code/src/pn532.o
                0x0000000000000bb4                nfc::PN532_chip::performSelftest()
 .text._ZN3nfc10PN532_chip16SAMConfigurationEh
                0x0000000000000c1c       0x3a ../../code/src/pn532.o
                0x0000000000000c1c                nfc::PN532_chip::SAMConfiguration(unsigned char)
 .text._ZN3nfc10PN532_chip7RFFieldEb
                0x0000000000000c56       0x3c ../../code/src/pn532.o
                0x0000000000000c56                nfc::PN532_chip::RFField(bool)
 *fill*         0x0000000000000c92        0x2 
 .text._ZN3nfc10PN532_chip13setMaxRetriesEh
                0x0000000000000c94       0x3c ../../code/src/pn532.o
                0x0000000000000c94                nfc::PN532_chip::setMaxRetries(unsigned char)
 .text._ZN3nfc10PN532_chip15mifareIncrementER4cardhNS_14mifareCommandsEhhPKhm
                0x0000000000000cd0       0x78 ../../code/src/pn532.o
                0x0000000000000cd0                nfc::PN532_chip::mifareIncrement(card&, unsigned char, nfc::mifareCommands, unsigned char, unsigned char, unsigned char const*, unsigned long)
 .text._ZN3nfc10PN532_chip14mifareTransferER4cardhNS_14mifareCommandsEhhPKh
                0x0000000000000d48       0x58 ../../code/src/pn532.o
                0x0000000000000d48                nfc::PN532_chip::mifareTransfer(card&, unsigned char, nfc::mifareCommands, unsigned char, unsigned char, unsigned char const*)
 .text._ZN3nfc10PN532_chip15mifareDecrementER4cardhNS_14mifareCommandsEhhPKhm
                0x0000000000000da0       0x78 ../../code/src/pn532.o
                0x0000000000000da0                nfc::PN532_chip::mifareDecrement(card&, unsigned char, nfc::mifareCommands, unsigned char, unsigned char, unsigned char const*, unsigned long)
 .text._ZN3nfc10PN532_chip12readRegisterEt
                0x0000000000000e18       0x70 ../../code/src/pn532.o
                0x0000000000000e18                nfc::PN532_chip::readRegister(unsigned short)
 .text._ZN3nfc10PN532_chip8readGPIOEv
                0x0000000000000e88       0x6a ../../code/src/pn532.o
                0x0000000000000e88                nfc::PN532_chip::readGPIO()
 .text._ZN3nfc10PN532_chip16getGeneralStatusEv
                0x0000000000000ef2       0x54 ../../code/src/pn532.o
                0x0000000000000ef2                nfc::PN532_chip::getGeneralStatus()
 .text._ZN3nfc10PN532_chip18getFirmwareVersionEv
                0x0000000000000f46       0x52 ../../code/src/pn532.o
                0x0000000000000f46                nfc::PN532_chip::getFirmwareVersion()
 .text._ZN3nfc10PN532_chip11waitForChipEi
                0x0000000000000f98       0x28 ../../code/src/pn532.o
                0x0000000000000f98                nfc::PN532_chip::waitForChip(int)
 .text._ZN3nfc10PN532_chip8checkAckEPKhh
                0x0000000000000fc0       0x44 ../../code/src/pn532.o
                0x0000000000000fc0                nfc::PN532_chip::checkAck(unsigned char const*, unsigned char)
 .text._ZN3nfc10PN532_chip22sendCommandAndCheckAckER16setupSendCommand
                0x0000000000001004       0xa4 ../../code/src/pn532.o
                0x0000000000001004                nfc::PN532_chip::sendCommandAndCheckAck(setupSendCommand&)
 .text._ZN3nfc10PN532_chip17setSerialBaudrateENS_8baudRateE
                0x00000000000010a8       0x54 ../../code/src/pn532.o
                0x00000000000010a8                nfc::PN532_chip::setSerialBaudrate(nfc::baudRate)
 .text._ZN3nfc10PN532_chip14mifareReadCardER4cardhNS_14mifareCommandsERKNS_8cardKeysE
                0x00000000000010fc       0xbc ../../code/src/pn532.o
                0x00000000000010fc                nfc::PN532_chip::mifareReadCard(card&, unsigned char, nfc::mifareCommands, nfc::cardKeys const&)
 .text._ZN3nfc10PN532_chip10detectCardER4cardhh
                0x00000000000011b8       0x98 ../../code/src/pn532.o
                0x00000000000011b8                nfc::PN532_chip::detectCard(card&, unsigned char, unsigned char)
 .text._ZN3nfc10PN532_chip14mifareReadPageER4cardhh
                0x0000000000001250       0x7c ../../code/src/pn532.o
                0x0000000000001250                nfc::PN532_chip::mifareReadPage(card&, unsigned char, unsigned char)
 .text._ZN3nfc10PN532_chip15mifareWritePageER4cardhhPKc
                0x00000000000012cc       0xec ../../code/src/pn532.o
                0x00000000000012cc                nfc::PN532_chip::mifareWritePage(card&, unsigned char, unsigned char, char const*)
 .text._ZN3nfc10PN532_chip20mifareMakeValueBlockER4cardhNS_14mifareCommandsEhhPKh
                0x00000000000013b8       0x8c ../../code/src/pn532.o
                0x00000000000013b8                nfc::PN532_chip::mifareMakeValueBlock(card&, unsigned char, nfc::mifareCommands, unsigned char, unsigned char, unsigned char const*)
 .text._ZN3nfc10PN532_chip18mifareAuthenticateER4cardhNS_14mifareCommandsEhPKh
                0x0000000000001444       0xc4 ../../code/src/pn532.o
                0x0000000000001444                nfc::PN532_chip::mifareAuthenticate(card&, unsigned char, nfc::mifareCommands, unsigned char, unsigned char const*)
 .text._ZN3nfc10PN532_chipC2ERN13communication8protocolERN5hwlib6pin_inE
                0x0000000000001508       0x24 ../../code/src/pn532.o
                0x0000000000001508                nfc::PN532_chip::PN532_chip(communication::protocol&, hwlib::pin_in&)
                0x0000000000001508                nfc::PN532_chip::PN532_chip(communication::protocol&, hwlib::pin_in&)
 .text._ZN16setupSendCommand17calculateChecksumEPKhih
                0x000000000000152c       0x1a ../../code/src/pn532Command.o
                0x000000000000152c                setupSendCommand::calculateChecksum(unsigned char const*, int, unsigned char)
 .text._ZN16setupSendCommandC2EPKhh
                0x0000000000001546       0x5e ../../code/src/pn532Command.o
                0x0000000000001546                setupSendCommand::setupSendCommand(unsigned char const*, unsigned char)
                0x0000000000001546                setupSendCommand::setupSendCommand(unsigned char const*, unsigned char)
 .text._ZN15receivedCommandC2EPKhh
                0x00000000000015a4       0x56 ../../code/src/pn532Command.o
                0x00000000000015a4                receivedCommand::receivedCommand(unsigned char const*, unsigned char)
                0x00000000000015a4                receivedCommand::receivedCommand(unsigned char const*, unsigned char)
 .text._ZN4card7addPageEPhji
                0x00000000000015fa       0x1a ../../code/src/mifareClassic.o
                0x00000000000015fa                card::addPage(unsigned char*, unsigned int, int)
 .text._ZNK4card8readPageEi
                0x0000000000001614       0x60 ../../code/src/mifareClassic.o
                0x0000000000001614                card::readPage(int) const
 .text._ZN4card6setUIDER15receivedCommand
                0x0000000000001674       0x1c ../../code/src/mifareClassic.o
                0x0000000000001674                card::setUID(receivedCommand&)
 .text._ZNK4card6getUIDEv
                0x0000000000001690       0x26 ../../code/src/mifareClassic.o
                0x0000000000001690                card::getUID() const
 .text._ZN5hwlib20pin_direct_from_in_t4readEv
                0x00000000000016b6       0x18 hwlib.o
                0x00000000000016b6                hwlib::pin_direct_from_in_t::read()
 .text._ZN5hwlib20pin_direct_from_in_t7refreshEv
                0x00000000000016ce        0x2 hwlib.o
                0x00000000000016ce                hwlib::pin_direct_from_in_t::refresh()
 .text._ZN5hwlib21pin_direct_from_out_t5flushEv
                0x00000000000016d0        0x2 hwlib.o
                0x00000000000016d0                hwlib::pin_direct_from_out_t::flush()
 .text._ZN5hwlib20cout_using_uart_putc5flushEv
                0x00000000000016d2        0x2 hwlib.o
                0x00000000000016d2                hwlib::cout_using_uart_putc::flush()
 .text._ZNK5hwlib14image_invert_t18get_implementationENS_2xyE
                0x00000000000016d4       0x8a hwlib.o
                0x00000000000016d4                hwlib::image_invert_t::get_implementation(hwlib::xy) const
 *fill*         0x000000000000175e        0x2 
 .text._ZNK5hwlib9image_8x818get_implementationENS_2xyE
                0x0000000000001760       0x44 hwlib.o
                0x0000000000001760                hwlib::image_8x8::get_implementation(hwlib::xy) const
 .text._ZN5hwlib5panicEPKcj
                0x00000000000017a4        0x2 hwlib.o
                0x00000000000017a4                hwlib::panic(char const*, unsigned int)
 *fill*         0x00000000000017a6        0x2 
 .text._ZN5hwlib6directERNS_7pin_outE
                0x00000000000017a8        0xc hwlib.o
                0x00000000000017a8                hwlib::direct(hwlib::pin_out&)
 .text._ZN5hwlib6directERNS_6pin_inE
                0x00000000000017b4        0xc hwlib.o
                0x00000000000017b4                hwlib::direct(hwlib::pin_in&)
 .text._ZN5hwlib3allENS_2xyE
                0x00000000000017c0       0x16 hwlib.o
                0x00000000000017c0                hwlib::all(hwlib::xy)
 *fill*         0x00000000000017d6        0x2 
 .text._ZN5hwlib6invertERKNS_5imageE
                0x00000000000017d8       0x18 hwlib.o
                0x00000000000017d8                hwlib::invert(hwlib::image const&)
 .text._ZN5hwlib6window5writeENS_2xyENS_5colorE
                0x00000000000017f0       0x3e hwlib.o
                0x00000000000017f0                hwlib::window::write(hwlib::xy, hwlib::color)
 *fill*         0x000000000000182e        0x2 
 .text._ZN3due9uart_initEv
                0x0000000000001830       0x60 hwlib.o
                0x0000000000001830                due::uart_init()
 .text._ZN3due9uart_putcEc
                0x0000000000001890       0x1c hwlib.o
                0x0000000000001890                due::uart_putc(char)
 .text._ZN5hwlib20cout_using_uart_putc4putcEc
                0x00000000000018ac        0xa hwlib.o
                0x00000000000018ac                hwlib::cout_using_uart_putc::putc(char)
 .text._ZN5hwlib6now_usEv
                0x00000000000018b6       0x1c hwlib.o
                0x00000000000018b6                hwlib::now_us()
 .text._ZN5hwlib12wait_us_busyEi
                0x00000000000018d2       0x1c hwlib.o
                0x00000000000018d2                hwlib::wait_us_busy(int)
 .text._ZN5hwlib7wait_usEi
                0x00000000000018ee        0x8 hwlib.o
                0x00000000000018ee                hwlib::wait_us(int)
 .text._ZN5hwlib12wait_ms_busyEi
                0x00000000000018f6       0x16 hwlib.o
                0x00000000000018f6                hwlib::wait_ms_busy(int)
 .text._ZN5hwlib7wait_msEi
                0x000000000000190c        0x8 hwlib.o
                0x000000000000190c                hwlib::wait_ms(int)
 .text._ZN5hwlib8terminal10cursor_setENS_2xyE
                0x0000000000001914       0x28 main.o
                0x0000000000001914                hwlib::terminal::cursor_set(hwlib::xy)
 .text._ZN5hwlib14i2c_primitives8read_ackEv
                0x000000000000193c       0x10 main.o
                0x000000000000193c                hwlib::i2c_primitives::read_ack()
 .text._ZN5hwlib14i2c_primitives9write_ackEv
                0x000000000000194c        0x8 main.o
                0x000000000000194c                hwlib::i2c_primitives::write_ack()
 .text._ZN5hwlib14i2c_primitives10write_nackEv
                0x0000000000001954        0x8 main.o
                0x0000000000001954                hwlib::i2c_primitives::write_nack()
 .text._ZN5hwlib14i2c_primitives5writeEh
                0x000000000000195c       0x1c main.o
                0x000000000000195c                hwlib::i2c_primitives::write(unsigned char)
 .text._ZN5hwlib14i2c_primitives5writeEPKhj
                0x0000000000001978       0x24 main.o
                0x0000000000001978                hwlib::i2c_primitives::write(unsigned char const*, unsigned int)
 .text._ZN5hwlib14i2c_primitives9read_byteEv
                0x000000000000199c       0x20 main.o
                0x000000000000199c                hwlib::i2c_primitives::read_byte()
 .text._ZN5hwlib14i2c_primitives4readEbPhj
                0x00000000000019bc       0x36 main.o
                0x00000000000019bc                hwlib::i2c_primitives::read(bool, unsigned char*, unsigned int)
 .text._ZN5hwlib13terminal_from25cursor_set_implementationENS_2xyE
                0x00000000000019f2       0x28 main.o
                0x00000000000019f2                hwlib::terminal_from::cursor_set_implementation(hwlib::xy)
 .text._ZN5hwlib13terminal_from5clearEv
                0x0000000000001a1a       0x28 main.o
                0x0000000000001a1a                hwlib::terminal_from::clear()
 .text._ZN5hwlib13terminal_from5flushEv
                0x0000000000001a42        0x8 main.o
                0x0000000000001a42                hwlib::terminal_from::flush()
 *fill*         0x0000000000001a4a        0x2 
 .text._ZNK5hwlib16font_default_8x8ixEc
                0x0000000000001a4c       0x14 main.o
                0x0000000000001a4c                hwlib::font_default_8x8::operator[](char) const
 .text._ZN5hwlib29glcd_oled_i2c_128x64_buffered20write_implementationENS_2xyENS_5colorE
                0x0000000000001a60       0x64 main.o
                0x0000000000001a60                hwlib::glcd_oled_i2c_128x64_buffered::write_implementation(hwlib::xy, hwlib::color)
 .text._ZN3due6pin_in4readEv
                0x0000000000001ac4       0x10 main.o
                0x0000000000001ac4                due::pin_in::read()
 .text._ZN3due6pin_in7refreshEv
                0x0000000000001ad4        0x2 main.o
                0x0000000000001ad4                due::pin_in::refresh()
 .text._ZN3due7pin_out5writeEb
                0x0000000000001ad6        0xe main.o
                0x0000000000001ad6                due::pin_out::write(bool)
 .text._ZN3due7pin_out5flushEv
                0x0000000000001ae4        0x2 main.o
                0x0000000000001ae4                due::pin_out::flush()
 .text._ZN3due6pin_oc4readEv
                0x0000000000001ae6       0x10 main.o
                0x0000000000001ae6                due::pin_oc::read()
 .text._ZN3due6pin_oc5writeEb
                0x0000000000001af6       0x10 main.o
                0x0000000000001af6                due::pin_oc::write(bool)
 .text._ZN3due6pin_oc5flushEv
                0x0000000000001b06        0x2 main.o
                0x0000000000001b06                due::pin_oc::flush()
 .text._ZN3due6pin_oc7refreshEv
                0x0000000000001b08        0x2 main.o
                0x0000000000001b08                due::pin_oc::refresh()
 *fill*         0x0000000000001b0a        0x2 
 .text._ZN12HardwareUart9uart_initEv
                0x0000000000001b0c       0x4c main.o
                0x0000000000001b0c                HardwareUart::uart_init()
 .text._ZN12HardwareUart11receiveByteEv
                0x0000000000001b58        0x8 main.o
                0x0000000000001b58                HardwareUart::receiveByte()
 .text._ZN12HardwareUart7rxReadyEv
                0x0000000000001b60        0xa main.o
                0x0000000000001b60                HardwareUart::rxReady()
 .text._ZN12HardwareUart8sendByteEh
                0x0000000000001b6a        0xc main.o
                0x0000000000001b6a                HardwareUart::sendByte(unsigned char)
 .text._ZN12HardwareUart4getCEv
                0x0000000000001b76       0x24 main.o
                0x0000000000001b76                HardwareUart::getC()
 .text._ZN5hwlib8terminal4putcEc
                0x0000000000001b9a       0xde main.o
                0x0000000000001b9a                hwlib::terminal::putc(char)
 .text._ZN5hwlib26i2c_bus_bit_banged_scl_sda16wait_half_periodEv.isra.4
                0x0000000000001c78        0x6 main.o
 .text._ZN5hwlib26i2c_bus_bit_banged_scl_sda10write_stopEv
                0x0000000000001c7e       0x60 main.o
                0x0000000000001c7e                hwlib::i2c_bus_bit_banged_scl_sda::write_stop()
 .text._ZN5hwlib26i2c_bus_bit_banged_scl_sda11write_startEv
                0x0000000000001cde       0x34 main.o
                0x0000000000001cde                hwlib::i2c_bus_bit_banged_scl_sda::write_start()
 .text._ZN5hwlib26i2c_bus_bit_banged_scl_sda8read_bitEv
                0x0000000000001d12       0x68 main.o
                0x0000000000001d12                hwlib::i2c_bus_bit_banged_scl_sda::read_bit()
 .text._ZN5hwlib26i2c_bus_bit_banged_scl_sda9write_bitEb
                0x0000000000001d7a       0x52 main.o
                0x0000000000001d7a                hwlib::i2c_bus_bit_banged_scl_sda::write_bit(bool)
 .text._ZN5hwlib33spi_bus_bit_banged_sclk_mosi_miso14write_and_readEjPKhPh
                0x0000000000001dcc       0x88 main.o
                0x0000000000001dcc                hwlib::spi_bus_bit_banged_sclk_mosi_miso::write_and_read(unsigned int, unsigned char const*, unsigned char*)
 .text._ZN12HardwareUart17uart_has_rx_errorEv
                0x0000000000001e54       0x28 main.o
                0x0000000000001e54                HardwareUart::uart_has_rx_error()
 .text._ZN12HardwareUart16uart_has_overrunEv
                0x0000000000001e7c       0x30 main.o
                0x0000000000001e7c                HardwareUart::uart_has_overrun()
 .text._ZN12HardwareUart9avialableEv
                0x0000000000001eac       0x58 main.o
                0x0000000000001eac                HardwareUart::avialable()
 .text._ZN5hwlib13xy_iterator_tppEv
                0x0000000000001f04       0x18 main.o
                0x0000000000001f04                hwlib::xy_iterator_t::operator++()
 .text._ZN5hwlib21i2c_write_transaction5writeEPKhj
                0x0000000000001f1c        0x8 main.o
                0x0000000000001f1c                hwlib::i2c_write_transaction::write(unsigned char const*, unsigned int)
 .text._ZN5hwlib6window5clearENS_5colorE
                0x0000000000001f24       0x50 main.o
                0x0000000000001f24                hwlib::window::clear(hwlib::color)
 .text._ZN5hwlib6window5clearEv
                0x0000000000001f74       0x4e main.o
                0x0000000000001f74                hwlib::window::clear()
 .text._ZN5hwlib13terminal_from19putc_implementationEc
                0x0000000000001fc2       0xa2 main.o
                0x0000000000001fc2                hwlib::terminal_from::putc_implementation(char)
 .text._ZN5hwlib11ssd1306_i2c7commandENS_16ssd1306_commandsEhh
                0x0000000000002064       0x3c main.o
                0x0000000000002064                hwlib::ssd1306_i2c::command(hwlib::ssd1306_commands, unsigned char, unsigned char)
 .text._ZN5hwlib29glcd_oled_i2c_128x64_buffered5flushEv
                0x00000000000020a0       0x58 main.o
                0x00000000000020a0                hwlib::glcd_oled_i2c_128x64_buffered::flush()
 .text._ZN3due6pin_inC2ENS_4pinsE
                0x00000000000020f8       0x34 main.o
                0x00000000000020f8                due::pin_in::pin_in(due::pins)
                0x00000000000020f8                due::pin_in::pin_in(due::pins)
 .text._ZN3due7pin_outC2ENS_4pinsE
                0x000000000000212c       0x34 main.o
                0x000000000000212c                due::pin_out::pin_out(due::pins)
                0x000000000000212c                due::pin_out::pin_out(due::pins)
 .text._ZN3due6pin_ocC2ENS_4pinsE
                0x0000000000002160       0x34 main.o
                0x0000000000002160                due::pin_oc::pin_oc(due::pins)
                0x0000000000002160                due::pin_oc::pin_oc(due::pins)
 .text._ZN3nfc8cardKeysC2Ev
                0x0000000000002194      0x210 main.o
                0x0000000000002194                nfc::cardKeys::cardKeys()
                0x0000000000002194                nfc::cardKeys::cardKeys()
 .text.startup.main
                0x00000000000023a4      0x2d8 main.o
                0x00000000000023a4                main
 .text.__startup
                0x000000000000267c       0x48 bmptk_cortex.o
                0x000000000000267c                __startup
 .text          0x00000000000026c4       0x30 /usr/bin/../lib/gcc/arm-none-eabi/7.3.1/thumb/v7-m/libgcc.a(_aeabi_uldivmod.o)
                0x00000000000026c4                __aeabi_uldivmod
 .text          0x00000000000026f4      0x2d0 /usr/bin/../lib/gcc/arm-none-eabi/7.3.1/thumb/v7-m/libgcc.a(_udivmoddi4.o)
                0x00000000000026f4                __udivmoddi4
 .text          0x00000000000029c4        0x4 /usr/bin/../lib/gcc/arm-none-eabi/7.3.1/thumb/v7-m/libgcc.a(_dvmd_tls.o)
                0x00000000000029c4                __aeabi_ldiv0
 .text          0x00000000000029c8       0xec /usr/bin/../lib/gcc/arm-none-eabi/7.3.1/../../../../arm-none-eabi/lib/thumb/v7-m/libc.a(lib_a-memcpy.o)
                0x00000000000029c8                memcpy
 .text.memset   0x0000000000002ab4       0x94 /usr/bin/../lib/gcc/arm-none-eabi/7.3.1/../../../../arm-none-eabi/lib/thumb/v7-m/libc.a(lib_a-memset.o)
                0x0000000000002ab4                memset
                0x0000000000002b48                . = ALIGN (0x4)
 *(.glue_7t .glue_7)
 .glue_7        0x0000000000002b48        0x0 linker stubs
 .glue_7t       0x0000000000002b48        0x0 linker stubs
                0x0000000000002b48                . = ALIGN (0x4)
 *(.rodata .rodata.* .gnu.linkonce.r.*)
 .rodata._ZN3due8pin_infoENS_4pinsE.str1.1
                0x0000000000002b48       0x5e ../../code/src/pn532Oled.o
 .rodata._ZN3nfc7NfcOled10detectCardER4cardhh.str1.1
                0x0000000000002ba6        0xd ../../code/src/pn532Oled.o
                                          0xf (size before relaxing)
 .rodata._ZN3nfc7NfcOled13setMaxRetriesEh.str1.1
                0x0000000000002bb3       0x22 ../../code/src/pn532Oled.o
 .rodata._ZN3nfc7NfcOled14mifareReadCardER4cardhNS_14mifareCommandsERKNS_8cardKeysE.str1.1
                0x0000000000002bd5       0x1e ../../code/src/pn532Oled.o
 .rodata._ZN3nfc7NfcOled15performSelftestEv.str1.1
                0x0000000000002bf3       0x10 ../../code/src/pn532Oled.o
                                         0x1a (size before relaxing)
 .rodata._ZN3nfc7NfcOled16SAMConfigurationEh.str1.1
                0x0000000000002c03       0x23 ../../code/src/pn532Oled.o
 .rodata._ZN3nfc7NfcOled16getGeneralStatusEv.str1.1
                0x0000000000002c26       0x46 ../../code/src/pn532Oled.o
 .rodata._ZN3nfc7NfcOled18getFirmwareVersionEv.str1.1
                0x0000000000002c6c       0x45 ../../code/src/pn532Oled.o
 .rodata._ZN3nfc7NfcOled18mifareAuthenticateER4cardhNS_14mifareCommandsEhPKh.str1.1
                0x0000000000002cb1       0x16 ../../code/src/pn532Oled.o
 .rodata._ZN3nfc7NfcOled20mifareMakeValueBlockER4cardhNS_14mifareCommandsEhhPKh.str1.1
                0x0000000000002cc7       0x23 ../../code/src/pn532Oled.o
 .rodata._ZN3nfc7NfcOled4initEv.str1.1
                0x0000000000002cea       0x13 ../../code/src/pn532Oled.o
 .rodata._ZN3nfc7NfcOled7RFFieldEb.str1.1
                0x0000000000002cfd       0x11 ../../code/src/pn532Oled.o
 *fill*         0x0000000000002d0e        0x2 
 .rodata._ZTVN3nfc7NfcOledE
                0x0000000000002d10       0x74 ../../code/src/pn532Oled.o
                0x0000000000002d10                vtable for nfc::NfcOled
 .rodata._ZZN3due8pin_infoENS_4pinsEE14pin_info_array
                0x0000000000002d84       0xa4 ../../code/src/pn532Oled.o
 .rodata._ZN13communication4uart11receiveDataEPhh.str1.1
                0x0000000000002e28        0x5 ../../code/src/interface.o
 *fill*         0x0000000000002e2d        0x3 
 .rodata._ZTVN13communication3i2cE
                0x0000000000002e30       0x18 ../../code/src/interface.o
                0x0000000000002e30                vtable for communication::i2c
 .rodata._ZTVN13communication3spiE
                0x0000000000002e48       0x18 ../../code/src/interface.o
                0x0000000000002e48                vtable for communication::spi
 .rodata._ZTVN13communication4uartE
                0x0000000000002e60       0x18 ../../code/src/interface.o
                0x0000000000002e60                vtable for communication::uart
 .rodata        0x0000000000002e78       0x19 ../../code/src/pn532.o
 .rodata._ZN3nfc10PN532_chip10detectCardER4cardhh.str1.1
                0x0000000000002e91       0x1b ../../code/src/pn532.o
 .rodata._ZN3nfc10PN532_chip14mifareReadCardER4cardhNS_14mifareCommandsERKNS_8cardKeysE.str1.1
                0x0000000000002eac       0x2c ../../code/src/pn532.o
 .rodata._ZN3nfc10PN532_chip14mifareReadPageER4cardhh.str1.1
                0x0000000000002ed8        0xd ../../code/src/pn532.o
 .rodata._ZN3nfc10PN532_chip15mifareWritePageER4cardhhPKc.str1.1
                0x0000000000002ee5       0x33 ../../code/src/pn532.o
 .rodata._ZN3nfc10PN532_chip17setSerialBaudrateENS_8baudRateE.str1.1
                0x0000000000002f18       0x19 ../../code/src/pn532.o
 .rodata._ZN3nfc10PN532_chip18mifareAuthenticateER4cardhNS_14mifareCommandsEhPKh.str1.1
                0x0000000000002f31       0x2c ../../code/src/pn532.o
 .rodata._ZN3nfc10PN532_chip20mifareMakeValueBlockER4cardhNS_14mifareCommandsEhhPKh.str1.1
                0x0000000000002f5d       0x1d ../../code/src/pn532.o
 .rodata._ZN3nfc5pn5327generalL23Ack_buffer_template_i2cE
                0x0000000000002f7a        0x7 ../../code/src/pn532.o
 .rodata._ZN3nfc5pn5327generalL23Ack_buffer_template_spiE
                0x0000000000002f81        0x6 ../../code/src/pn532.o
 *fill*         0x0000000000002f87        0x1 
 .rodata._ZTVN3nfc10PN532_chipE
                0x0000000000002f88       0x74 ../../code/src/pn532.o
                0x0000000000002f88                vtable for nfc::PN532_chip
 .rodata._ZNK4card8readPageEi.str1.1
                0x0000000000002ffc       0x1d ../../code/src/mifareClassic.o
                                          0x6 (size before relaxing)
 .rodata._ZTVN5hwlib20pin_direct_from_in_tE
                0x0000000000002ffc       0x10 hwlib.o
                0x0000000000002ffc                vtable for hwlib::pin_direct_from_in_t
 .rodata._ZTVN5hwlib21pin_direct_from_out_tE
                0x000000000000300c       0x10 hwlib.o
                0x000000000000300c                vtable for hwlib::pin_direct_from_out_t
 .rodata._ZTVN5hwlib20cout_using_uart_putcE
                0x000000000000301c       0x10 hwlib.o
                0x000000000000301c                vtable for hwlib::cout_using_uart_putc
 .rodata._ZTVN5hwlib14image_invert_tE
                0x000000000000302c        0xc hwlib.o
                0x000000000000302c                vtable for hwlib::image_invert_t
 .rodata._ZTVN5hwlib9image_8x8E
                0x0000000000003038        0xc hwlib.o
                0x0000000000003038                vtable for hwlib::image_8x8
 .rodata._ZN5hwlib16font_default_8x86imagesE
                0x0000000000003044      0xa00 hwlib.o
                0x0000000000003044                hwlib::font_default_8x8::images
 .rodata._ZN5hwlibL5blackE
                0x0000000000003a44        0x4 hwlib.o
 .rodata._ZN5hwlibL5whiteE
                0x0000000000003a48        0x4 hwlib.o
 .rodata._ZTVN5hwlib26i2c_bus_bit_banged_scl_sdaE
                0x0000000000003a4c       0x34 main.o
                0x0000000000003a4c                vtable for hwlib::i2c_bus_bit_banged_scl_sda
 .rodata._ZTVN5hwlib33spi_bus_bit_banged_sclk_mosi_misoE
                0x0000000000003a80        0xc main.o
                0x0000000000003a80                vtable for hwlib::spi_bus_bit_banged_sclk_mosi_miso
 .rodata._ZTVN5hwlib13terminal_fromE
                0x0000000000003a8c       0x20 main.o
                0x0000000000003a8c                vtable for hwlib::terminal_from
 .rodata._ZTVN5hwlib16font_default_8x8E
                0x0000000000003aac        0xc main.o
                0x0000000000003aac                vtable for hwlib::font_default_8x8
 .rodata._ZTVN5hwlib29glcd_oled_i2c_128x64_bufferedE
                0x0000000000003ab8       0x18 main.o
                0x0000000000003ab8                vtable for hwlib::glcd_oled_i2c_128x64_buffered
 .rodata._ZTVN3due6pin_inE
                0x0000000000003ad0       0x10 main.o
                0x0000000000003ad0                vtable for due::pin_in
 .rodata._ZTVN3due7pin_outE
                0x0000000000003ae0       0x10 main.o
                0x0000000000003ae0                vtable for due::pin_out
 .rodata._ZTVN3due6pin_ocE
                0x0000000000003af0       0x18 main.o
                0x0000000000003af0                vtable for due::pin_oc
 .rodata._ZTV12HardwareUart
                0x0000000000003b08       0x28 main.o
                0x0000000000003b08                vtable for HardwareUart
 .rodata        0x0000000000003b30        0x6 main.o
 .rodata._ZN12HardwareUart16uart_has_overrunEv.str1.1
                0x0000000000003b36        0x8 main.o
 .rodata._ZN12HardwareUart17uart_has_rx_errorEv.str1.1
                0x0000000000003b3e        0x8 main.o
                                          0x6 (size before relaxing)
 .rodata._ZN12HardwareUart9avialableEv.str1.1
                0x0000000000003b3e        0x4 main.o
 .rodata._ZN5hwlibL22ssd1306_initializationE
                0x0000000000003b42       0x29 main.o
 .rodata.main.str1.1
                0x0000000000003b6b       0x48 main.o
                0x0000000000003bb4                . = ALIGN (0x4)
 *fill*         0x0000000000003bb3        0x1 
 *(.ARM.extab* .gnu.linkonce.armextab.*)
                0x0000000000003bb4                . = ALIGN (0x4)
 *(.gcc_except_table)
                0x0000000000003bb4                . = ALIGN (0x4)
 *(.eh_frame_hdr)
                0x0000000000003bb4                . = ALIGN (0x4)
 *(.eh_frame)
                0x0000000000003bb4                . = ALIGN (0x4)
                0x0000000000003bb4                __text_end = .
                [!provide]                        PROVIDE (__text_end = __text_end)

.vfp11_veneer   0x0000000000003bb4        0x0
 .vfp11_veneer  0x0000000000003bb4        0x0 linker stubs

.v4_bx          0x0000000000003bb4        0x0
 .v4_bx         0x0000000000003bb4        0x0 linker stubs

.iplt           0x0000000000003bb4        0x0
 .iplt          0x0000000000003bb4        0x0 ../../code/src/pn532Oled.o

.IF_YOU_SEE_THIS_YOU_HAVE_ONE_OR_MORE_GLOBAL_OBJECT_CONSTRUCTORS
 *(.init)
 *(.preinit_array)
 *(SORT_BY_NAME(.init_array.*))
 *(.init_array)
                0x0000000000003bb4                . = ALIGN (0x4)
                0x0000000000003bb4                __exidx_start = .
                [!provide]                        PROVIDE (__exidx_start = __exidx_start)

.ARM.exidx      0x0000000000003bb4        0x8
 *(.ARM.exidx* .gnu.linkonce.armexidx.*)
 .ARM.exidx     0x0000000000003bb4        0x8 /usr/bin/../lib/gcc/arm-none-eabi/7.3.1/thumb/v7-m/libgcc.a(_udivmoddi4.o)

.rel.dyn        0x0000000000003bbc        0x0
 .rel.iplt      0x0000000000003bbc        0x0 ../../code/src/pn532Oled.o
                0x0000000000003bbc                . = ALIGN (0x4)
                0x0000000000003bbc                __exidx_end = .
                [!provide]                        PROVIDE (__exidx_end = __exidx_end)

.bss            0x0000000020000000    0x12010
                0x0000000020000000                . = ALIGN (0x4)
                0x0000000020000000                __stack_start = .
                [!provide]                        PROVIDE (__stack_start = __stack_start)
                0x0000000020000000                . = ALIGN (0x4)
 *(.bmptk_stack)
 .bmptk_stack   0x0000000020000000    0x12000 bmptk_fixed_size_stack.o
                0x0000000020000000                bmptk_stack
                0x0000000020012000                . = ALIGN (0x8)
                0x0000000020012000                __main_stack_end = .
                [!provide]                        PROVIDE (__main_stack_end = __main_stack_end)
                0x0000000020012000                . = ALIGN (0x4)
                0x0000000020012000                __stack_end = .
                [!provide]                        PROVIDE (__stack_end = __stack_end)
                0x0000000020012000                . = ALIGN (0x4)
                0x0000000020012000                __bss_start = .
                [!provide]                        PROVIDE (__bss_start = __bss_start)
                0x0000000020012000                . = ALIGN (0x4)
 *(.bss .bss.* .gnu.linkonce.b.*)
 .bss._ZZN3due9now_ticksEvE4high
                0x0000000020012000        0x8 ../../code/src/pn532Oled.o
 .bss._ZZN3due9now_ticksEvE8last_low
                0x0000000020012008        0x4 ../../code/src/pn532Oled.o
 .bss._ZZN3due9now_ticksEvE9init_done
                0x000000002001200c        0x1 ../../code/src/pn532Oled.o
 .bss._ZZN3due9uart_initEvE9init_done
                0x000000002001200d        0x1 hwlib.o
                0x0000000020012010                . = ALIGN (0x4)
 *fill*         0x000000002001200e        0x2 
 *(COMMON)
                0x0000000020012010                . = ALIGN (0x4)
                0x0000000020012010                __bss_end = .
                [!provide]                        PROVIDE (__bss_end = __bss_end)

.data           0x0000000020012010       0x1c load address 0x0000000000003bbc
                0x0000000020012010                . = ALIGN (0x4)
                0x0000000000003bbc                __data_init_start = LOADADDR (.data)
                [!provide]                        PROVIDE (__data_init_start = __data_init_start)
                0x0000000020012010                __data_start = .
                [!provide]                        PROVIDE (__data_start = __data_start)
                0x0000000020012010                . = ALIGN (0x4)
 *(.data .data.* .gnu.linkonce.d.*)
 .data._ZN6sam3xa15SystemCoreClockE
                0x0000000020012010        0x4 ../../code/src/pn532Oled.o
                0x0000000020012010                sam3xa::SystemCoreClock
 .data._ZN3due7hw_uartE
                0x0000000020012014        0x4 hwlib.o
                0x0000000020012014                due::hw_uart
 .data._ZN5hwlib4coutE
                0x0000000020012018       0x14 hwlib.o
                0x0000000020012018                hwlib::cout
                0x000000002001202c                . = ALIGN (0x4)
                0x000000002001202c                __data_end = .
                [!provide]                        PROVIDE (__data_end = __data_end)
                0x0000000000003bbc                __data_init_end = LOADADDR (.data)
                [!provide]                        PROVIDE (__data_init_end = __data_init_end)
                [!provide]                        PROVIDE (__data_size = (__data_end - __data_start))
                [!provide]                        PROVIDE (__data_init_size = __data_size)
                [!provide]                        PROVIDE (__data_init_end = (__data_init_start + __data_init_size))

.igot.plt       0x000000002001202c        0x0 load address 0x0000000000003bd8
 .igot.plt      0x000000002001202c        0x0 ../../code/src/pn532Oled.o
                0x000000002001202c                . = ALIGN (0x4)
                0x000000002001202c                __heap_start = .
                [!provide]                        PROVIDE (__heap_start = __heap_start)
                0x000000002001202c                . = ALIGN (0x4)
                0x0000000020018000                __heap_end = __ram_end
                [!provide]                        PROVIDE (__heap_end = __heap_end)

.stab
 *(.stab)

.stabstr
 *(.stabstr)

.debug
 *(.debug)

.line
 *(.line)

.debug_srcinfo
 *(.debug_srcinfo)

.debug_sfnames
 *(.debug_sfnames)

.debug_aranges
 *(.debug_aranges)

.debug_pubnames
 *(.debug_pubnames)

.debug_info
 *(.debug_info .gnu.linkonce.wi.*)

.debug_abbrev
 *(.debug_abbrev)

.debug_line
 *(.debug_line)

.debug_frame    0x0000000000000000       0x98
 *(.debug_frame)
 .debug_frame   0x0000000000000000       0x2c /usr/bin/../lib/gcc/arm-none-eabi/7.3.1/thumb/v7-m/libgcc.a(_aeabi_uldivmod.o)
 .debug_frame   0x000000000000002c       0x34 /usr/bin/../lib/gcc/arm-none-eabi/7.3.1/thumb/v7-m/libgcc.a(_udivmoddi4.o)
 .debug_frame   0x0000000000000060       0x38 /usr/bin/../lib/gcc/arm-none-eabi/7.3.1/../../../../arm-none-eabi/lib/thumb/v7-m/libc.a(lib_a-memset.o)

.comment        0x0000000000000000       0x7f
 .comment       0x0000000000000000       0x7f ../../code/src/pn532Oled.o
                                         0x80 (size before relaxing)
 .comment       0x000000000000007f       0x80 ../../code/src/interface.o
 .comment       0x000000000000007f       0x80 ../../code/src/pn532.o
 .comment       0x000000000000007f       0x80 ../../code/src/pn532Command.o
 .comment       0x000000000000007f       0x80 ../../code/src/mifareClassic.o
 .comment       0x000000000000007f       0x80 hwlib.o
 .comment       0x000000000000007f       0x80 main.o
 .comment       0x000000000000007f       0x80 bmptk_cortex.o
 .comment       0x000000000000007f       0x80 bmptk_fixed_size_stack.o

.debug_str
 *(.debug_str)

.debug_loc
 *(.debug_loc)

.debug_macinfo
 *(.debug_macinfo)

.debug_weaknames
 *(.debug_weaknames)

.debug_funcnames
 *(.debug_funcnames)

.debug_typenames
 *(.debug_typenames)

.debug_varnames
 *(.debug_varnames)

.note.gnu.arm.ident
 *(.note.gnu.arm.ident)

.ARM.attributes
                0x0000000000000000       0x31
 *(.ARM.attributes)
 .ARM.attributes
                0x0000000000000000       0x33 ../../code/src/pn532Oled.o
 .ARM.attributes
                0x0000000000000033       0x33 ../../code/src/interface.o
 .ARM.attributes
                0x0000000000000066       0x33 ../../code/src/pn532.o
 .ARM.attributes
                0x0000000000000099       0x33 ../../code/src/pn532Command.o
 .ARM.attributes
                0x00000000000000cc       0x33 ../../code/src/mifareClassic.o
 .ARM.attributes
                0x00000000000000ff       0x33 hwlib.o
 .ARM.attributes
                0x0000000000000132       0x33 main.o
 .ARM.attributes
                0x0000000000000165       0x33 bmptk_cortex.o
 .ARM.attributes
                0x0000000000000198       0x33 bmptk_heap_none.o
 .ARM.attributes
                0x00000000000001cb       0x33 bmptk_fixed_size_stack.o
 .ARM.attributes
                0x00000000000001fe       0x1d /usr/bin/../lib/gcc/arm-none-eabi/7.3.1/thumb/v7-m/libgcc.a(_aeabi_uldivmod.o)
 .ARM.attributes
                0x000000000000021b       0x2d /usr/bin/../lib/gcc/arm-none-eabi/7.3.1/thumb/v7-m/libgcc.a(_udivmoddi4.o)
 .ARM.attributes
                0x0000000000000248       0x1d /usr/bin/../lib/gcc/arm-none-eabi/7.3.1/thumb/v7-m/libgcc.a(_dvmd_tls.o)
 .ARM.attributes
                0x0000000000000265       0x1b /usr/bin/../lib/gcc/arm-none-eabi/7.3.1/../../../../arm-none-eabi/lib/thumb/v7-m/libc.a(lib_a-memcpy.o)
 .ARM.attributes
                0x0000000000000280       0x2d /usr/bin/../lib/gcc/arm-none-eabi/7.3.1/../../../../arm-none-eabi/lib/thumb/v7-m/libc.a(lib_a-memset.o)

/DISCARD/
 *(.note.GNU-stack)
                [!provide]                        PROVIDE (__text_size = (__text_end - __text_start))
                [!provide]                        PROVIDE (__exidx_size = (__exidx_end - __exidx_start))
                [!provide]                        PROVIDE (__bss_size = (__bss_end - __bss_start))
                [!provide]                        PROVIDE (__stack_size = (__stack_end - __stack_start))
                [!provide]                        PROVIDE (__heap_size = (__heap_end - __heap_start))
OUTPUT(main.elf elf32-littlearm)
